$ sudo su - 3DS
Last login: Mon Feb  6 07:07:07 CET 2023 on pts/0
[3DS@azubl42168 ~]$ cd /tmp
[3DS@azubl42168 tmp]$ ls
DataSets
FILEINDEXING
lost+found
SpinnerAgent20230206
systemd-private-f3e78cdef7f84771afab157e89b2e0ff-chronyd.service-6CNpl0
[3DS@azubl42168 tmp]$ sudo cp -rf SpinnerAgent20230206/ /3DS/tmp/Ravi_Patel
[3DS@azubl42168 tmp]$



Using username "patelrav@kp3dxdev@azubl42168.westeurope.azure.st.com".
patelrav@kp3dxdev@azubl42168.westeurope.azure.st.com@psmp.st.com's password:

  *****************************************************
                    STMICROELECTRONICS
                     WWDC LINUX SERVER
  *****************************************************
  *  UNAUTHORIZED USE OF THIS COMPUTER IS PROHIBITED  *
  *****************************************************

Access to this computer is for authorized users conducting
  Company business. Security monitoring is operating, so
      please note that your activity may be logged.

This session is being recorded
Last login: Thu Feb  2 06:05:24 2023 from 10.75.12.208

  *****************************************************
                    STMICROELECTRONICS
                     WWDC LINUX SERVER
  *****************************************************
  *  UNAUTHORIZED USE OF THIS COMPUTER IS PROHIBITED  *
  *****************************************************

Access to this computer is for authorized users conducting
  Company business. Security monitoring is operating, so
      please note that your activity may be logged.

$ sudo su - 3DS
Last login: Thu Feb  2 06:05:30 CET 2023 on pts/0
[3DS@azubl42168 ~]$ cd /3DS/R2020x/app/3DSpace/script
-bash: cd: /3DS/R2020x/app/3DSpace/script: No such file or directory
[3DS@azubl42168 ~]$ ./mql
-bash: ./mql: No such file or directory
[3DS@azubl42168 ~]$ cd /3DS/R2020x/app/3DSpace/script
-bash: cd: /3DS/R2020x/app/3DSpace/script: No such file or directory
[3DS@azubl42168 ~]$ cd /3DS/R2020x/app/3DSpace/scripts
[3DS@azubl42168 scripts]$ ./mql

Matrix Query Language Interface, Version 3DEXPERIENCE R2020x HotFix 4 (64 bits)

Copyright (c) 1993-2019 Dassault Systemes.
All rights reserved.
MQL<1>verb on;
MQL<2>set context user creator pass STDevCreator1;
Context successfully set
MQL<3>list program emxSpinner*;
emxSpinnerAgent.tcl
emxSpinnerImport
emxSpinnerSettings.tcl
MQL<4>execute prog emxExtractSchema.tcl program emxProduct;
Starting JAVA with options:
  -Djava.class.path=.:/3DS/R2020x/jdk/lib:/3DS/R2020x/app/3DSpace/managed/properties:/3DS/R2020x/app/3DSpace/linux_a64/docs/javacommon:/3DS/R2020x/app/3DSpace/linux_a64/docs/javaserver:/3DS/R2020x/app/3DSpace/linux_a64/docs/custom:/3DS/R2020x/app/3DSpace/STAGING/ematrix/WEB-INF/classes:/3DS/R2020x/jdk/lib/src.zip:/3DS/R2020x/jdk/lib/jrt-fs.jar:/3DS/R2020x/app/3DSpace/linux_a64/docs/javacommon/byte-buddy.jar:/3DS/R2020x/app/3DSpace/linux_a64/docs/javacommon/jakarta-regexp-1.4.jar:/3DS/R2020x/app/3DSpace/linux_a64/docs/javacommon/consolidation-java-client.jar:/3DS/R2020x/app/3DSpace/linux_a64/docs/javacommon/slf4j-api.jar:/3DS/R2020x/app/3DSpace/linux_a64/docs/javacommon/papi-java-connector.jar:/3DS/R2020x/app/3DSpace/linux_a64/docs/javacommon/jboss-logging.jar:/3DS/R2020x/app/3DSpace/linux_a64/docs/javacommon/hibernate-validator.jar:/3DS/R2020x/app/3DSpace/linux_a64/docs/javacommon/jackson-dataformat-xml-2.8.7.jar:/3DS/R2020x/app/3DSpace/linux_a64/docs/javacommon/commons-lang.jar:/3DS/R2020x/app/3DSpace/linux_a64/docs/javacommon/httpclient.jar:/3DS/R2020x/app/3DSpace/linux_a64/docs/javacommon/jackson-module-jaxb-annotations-2.4.2.jar:/3DS/R2020x/app/3DSpace/linux_a64/docs/javacommon/cloudview-core-apis.jar:/3DS/R2020x/app/3DSpace/linux_a64/docs/javacommon/commons-logging.jar:/3DS/R2020x/app/3DSpace/linux_a64/docs/javacommon/log4j.jar:/3DS/R2020x/app/3DSpace/linux_a64/docs/javacommon/edk.jar:/3DS/R2020x/app/3DSpace/linux_a64/docs/javacommon/ojdbc8.jar:/3DS/R2020x/app/3DSpace/linux_a64/docs/javacommon/hibernate-core.jar:/3DS/R2020x/app/3DSpace/linux_a64/docs/javacommon/expand-java-client.jar:/3DS/R2020x/app/3DSpace/linux_a64/docs/javacommon/fasterxml-jackson-core.jar:/3DS/R2020x/app/3DSpace/linux_a64/docs/javacommon/fasterxml-jackson-annotations.jar:/3DS/R2020x/app/3DSpace/linux_a64/docs/javacommon/commons-codec-1.11.jar:/3DS/R2020x/app/3DSpace/linux_a64/docs/javacommon/nimbus-jose-jwt-3.1.2.jar:/3DS/R2020x/app/3DSpace/linux_a64/docs/javacommon/gson.jar:/3DS/R2020x/app/3DSpace/linux_a64/docs/javacommon/json-smart.jar:/3DS/R2020x/app/3DSpace/linux_a64/docs/javacommon/servlet-api.jar:/3DS/R2020x/app/3DSpace/linux_a64/docs/javacommon/activemq-client.jar:/3DS/R2020x/app/3DSpace/linux_a64/docs/javacommon/antlr.jar:/3DS/R2020x/app/3DSpace/linux_a64/docs/javacommon/joda-time.jar:/3DS/R2020x/app/3DSpace/linux_a64/docs/javacommon/commons-codec.jar:/3DS/R2020x/app/3DSpace/linux_a64/docs/javacommon/reflections.jar:/3DS/R2020x/app/3DSpace/linux_a64/docs/javacommon/slf4j-ext.jar:/3DS/R2020x/app/3DSpace/linux_a64/docs/javacommon/errorcodes.jar:/3DS/R2020x/app/3DSpace/linux_a64/docs/javacommon/edkbase.jar:/3DS/R2020x/app/3DSpace/linux_a64/docs/javacommon/cvcore-sdk.jar:/3DS/R2020x/app/3DSpace/linux_a64/docs/javacommon/mail.jar:/3DS/R2020x/app/3DSpace/linux_a64/docs/javacommon/ignite-spring.jar:/3DS/R2020x/app/3DSpace/linux_a64/docs/javacommon/jackson-datatype-joda-2.8.7.jar:/3DS/R2020x/app/3DSpace/linux_a64/docs/javacommon/jackson-dataformat-cbor-2.8.7.jar:/3DS/R2020x/app/3DSpace/linux_a64/docs/javacommon/jackson-databind-2.8.7.jar:/3DS/R2020x/app/3DSpace/linux_a64/docs/javacommon/ignite-core.jar:/3DS/R2020x/app/3DSpace/linux_a64/docs/javacommon/httpcore.jar:/3DS/R2020x/app/3DSpace/linux_a64/docs/javacommon/hibernate-jpa.jar:/3DS/R2020x/app/3DSpace/linux_a64/docs/javacommon/ignite-hibernate-core.jar:/3DS/R2020x/app/3DSpace/linux_a64/docs/javacommon/logback-classic.jar:/3DS/R2020x/app/3DSpace/linux_a64/docs/javacommon/hibernate-entitymanager.jar:/3DS/R2020x/app/3DSpace/linux_a64/docs/javacommon/mami-java-client.jar:/3DS/R2020x/app/3DSpace/linux_a64/docs/javacommon/cloudview-indexing-apis.jar:/3DS/R2020x/app/3DSpace/linux_a64/docs/javacommon/msaz-java-sdk.jar:/3DS/R2020x/app/3DSpace/linux_a64/docs/javacommon/ignite-rest-http.jar:/3DS/R2020x/app/3DSpace/linux_a64/docs/javacommon/fasterxml-jackson-databind.jar:/3DS/R2020x/app/3DSpace/linux_a64/docs/javacommon/cloudview-java-plugin.jar:/3DS/R2020x/app/3DSpace/linux_a64/docs/javacommon/guava.jar:/3DS/R2020x/app/3DSpace/linux_a64/docs/javacommon/ion-java-1.0.2.jar:/3DS/R2020x/app/3DSpace/linux_a64/docs/javacommon/edkcommons.jar:/3DS/R2020x/app/3DSpace/linux_a64/docs/javacommon/guava-17.0.jar:/3DS/R2020x/app/3DSpace/linux_a64/docs/javacommon/javax.json.jar:/3DS/R2020x/app/3DSpace/linux_a64/docs/javacommon/asm.jar:/3DS/R2020x/app/3DSpace/linux_a64/docs/javacommon/security-java-api.jar:/3DS/R2020x/app/3DSpace/linux_a64/docs/javacommon/metrics-core.jar:/3DS/R2020x/app/3DSpace/linux_a64/docs/javacommon/search-java-client.jar:/3DS/R2020x/app/3DSpace/linux_a64/docs/javacommon/log4j-over-slf4j.jar:/3DS/R2020x/app/3DSpace/linux_a64/docs/javacommon/jackson-datatype-joda-2.4.2.jar:/3DS/R2020x/app/3DSpace/linux_a64/docs/javacommon/httpclient-cache.jar:/3DS/R2020x/app/3DSpace/linux_a64/docs/javacommon/oauth2-oidc-sdk-4.5.jar:/3DS/R2020x/app/3DSpace/linux_a64/docs/javacommon/jackson-core-2.4.2.jar:/3DS/R2020x/app/3DSpace/linux_a64/docs/javacommon/mx_poi.jar:/3DS/R2020x/app/3DSpace/linux_a64/docs/javacommon/aws-java-sdk-1.11.105.jar:/3DS/R2020x/app/3DSpace/linux_a64/docs/javacommon/jackson-databind-2.4.2.jar:/3DS/R2020x/app/3DSpace/linux_a64/docs/javacommon/jackson-dataformat-xml-2.4.2.jar:/3DS/R2020x/app/3DSpace/linux_a64/docs/javacommon/commons-io.jar:/3DS/R2020x/app/3DSpace/linux_a64/docs/javacommon/jackson-annotations-2.4.0.jar:/3DS/R2020x/app/3DSpace/linux_a64/docs/javacommon/platform-base.jar:/3DS/R2020x/app/3DSpace/linux_a64/docs/javacommon/jackson-annotations-2.8.7.jar:/3DS/R2020x/app/3DSpace/linux_a64/docs/javacommon/jcl-over-slf4j.jar:/3DS/R2020x/app/3DSpace/linux_a64/docs/javacommon/httpmime.jar:/3DS/R2020x/app/3DSpace/linux_a64/docs/javacommon/convert-http.jar:/3DS/R2020x/app/3DSpace/linux_a64/docs/javacommon/validation-api.jar:/3DS/R2020x/app/3DSpace/linux_a64/docs/javacommon/ignite-slf4j.jar:/3DS/R2020x/app/3DSpace/linux_a64/docs/javacommon/javassist.jar:/3DS/R2020x/app/3DSpace/linux_a64/docs/javacommon/accessors-smart.jar:/3DS/R2020x/app/3DSpace/linux_a64/docs/javacommon/tika-core.jar:/3DS/R2020x/app/3DSpace/linux_a64/docs/javacommon/hibernate-commons-annotations.jar:/3DS/R2020x/app/3DSpace/linux_a64/docs/javacommon/dom4j.jar:/3DS/R2020x/app/3DSpace/linux_a64/docs/javacommon/commons-logging-1.1.1.jar:/3DS/R2020x/app/3DSpace/linux_a64/docs/javacommon/cloudview-sdk-java-clients.jar:/3DS/R2020x/app/3DSpace/linux_a64/docs/javacommon/ignite-hibernate.jar:/3DS/R2020x/app/3DSpace/linux_a64/docs/javacommon/commons-net.jar:/3DS/R2020x/app/3DSpace/linux_a64/docs/javacommon/activation.jar:/3DS/R2020x/app/3DSpace/linux_a64/docs/javacommon/classmate.jar:/3DS/R2020x/app/3DSpace/linux_a64/docs/javacommon/fasterxml-jackson-datatype-jdk8.jar:/3DS/R2020x/app/3DSpace/linux_a64/docs/javacommon/papi-java-client.jar:/3DS/R2020x/app/3DSpace/linux_a64/docs/javacommon/xmlbeans-2.4.0.jar:/3DS/R2020x/app/3DSpace/linux_a64/docs/javacommon/msaz-oauth-mngr.jar:/3DS/R2020x/app/3DSpace/linux_a64/docs/javacommon/jackson-module-jaxb-annotations-2.8.7.jar:/3DS/R2020x/app/3DSpace/linux_a64/docs/javacommon/semantic.jar:/3DS/R2020x/app/3DSpace/linux_a64/docs/javacommon/cloudview-core.jar:/3DS/R2020x/app/3DSpace/linux_a64/docs/javacommon/logback-core.jar:/3DS/R2020x/app/3DSpace/linux_a64/docs/javacommon/mksapi.jar:/3DS/R2020x/app/3DSpace/linux_a64/docs/javacommon/jackson-core-2.8.7.jar:/3DS/R2020x/app/3DSpace/linux_a64/docs/javacommon/adal4j-1.1.2.jar:/3DS/R2020x/app/3DSpace/linux_a64/docs/javacommon/json-path.jar:/3DS/R2020x/app/3DSpace/linux_a64/docs/javacommon/commons-collections.jar:/3DS/R2020x/app/3DSpace/linux_a64/docs/javacommon/commons-cli.jar:/3DS/R2020x/app/3DSpace/linux_a64/docs/javaserver/DataCheckerIRPC.jar:/3DS/R2020x/app/3DSpace/linux_a64/docs/javaserver/SearchNavigateServices.jar:/3DS/R2020x/app/3DSpace/linux_a64/docs/javaserver/CATRgnJReportUIModeller.jar:/3DS/R2020x/app/3DSpace/linux_a64/docs/javaserver/commons-text.jar:/3DS/R2020x/app/3DSpace/linux_a64/docs/javaserver/i3DxMdMappingXCAD.jar:/3DS/R2020x/app/3DSpace/linux_a64/docs/javaserver/ENOPSUNavigationServicesImplementation.jar:/3DS/R2020x/app/3DSpace/linux_a64/docs/javaserver/GenerateVocabularyMQL.jar:/3DS/R2020x/app/3DSpace/linux_a64/docs/javaserver/VPLMPosAdministrationJPO.jar:/3DS/R2020x/app/3DSpace/linux_a64/docs/javaserver/IssueManagementServices.jar:/3DS/R2020x/app/3DSpace/linux_a64/docs/javaserver/FcsClientLargeFile_j7u45.jar:/3DS/R2020x/app/3DSpace/linux_a64/docs/javaserver/VPLMJProcessNavJPO.jar:/3DS/R2020x/app/3DSpace/linux_a64/docs/javaserver/tenantSupportUtils.jar:/3DS/R2020x/app/3DSpace/linux_a64/docs/javaserver/CATRgnJReportManagementItf.jar:/3DS/R2020x/app/3DSpace/linux_a64/docs/javaserver/RDFUserGroupClientSynchro.jar:/3DS/R2020x/app/3DSpace/linux_a64/docs/javaserver/VPLMJXCADECCompletion.jar:/3DS/R2020x/app/3DSpace/linux_a64/docs/javaserver/i3DxMdMBOMDataMaterializationCnx.jar:/3DS/R2020x/app/3DSpace/linux_a64/docs/javaserver/xgCrypto.jar:/3DS/R2020x/app/3DSpace/linux_a64/docs/javaserver/aspose-cells.jar:/3DS/R2020x/app/3DSpace/linux_a64/docs/javaserver/johnzon-mapper.jar:/3DS/R2020x/app/3DSpace/linux_a64/docs/javaserver/CATSmmCntrDiff.jar:/3DS/R2020x/app/3DSpace/linux_a64/docs/javaserver/JRDFValidationUtils.jar:/3DS/R2020x/app/3DSpace/linux_a64/docs/javaserver/ENOMSFTableViews.jar:/3DS/R2020x/app/3DSpace/linux_a64/docs/javaserver/VPLMJSimulationKwe.jar:/3DS/R2020x/app/3DSpace/linux_a64/docs/javaserver/ENOComplaintBaseServices.jar:/3DS/R2020x/app/3DSpace/linux_a64/docs/javaserver/protobuf-java-util.jar:/3DS/R2020x/app/3DSpace/linux_a64/docs/javaserver/search_installutil.jar:/3DS/R2020x/app/3DSpace/linux_a64/docs/javaserver/i3DxMdFLogicalManagement.jar:/3DS/R2020x/app/3DSpace/linux_a64/docs/javaserver/i3DXPnOCommonClient.jar:/3DS/R2020x/app/3DSpace/linux_a64/docs/javaserver/jena-dboe-transaction-3.6.0.jar:/3DS/R2020x/app/3DSpace/linux_a64/docs/javaserver/enoviaKernel.jar:/3DS/R2020x/app/3DSpace/linux_a64/docs/javaserver/i3DxMdProductIndexServices.jar:/3DS/R2020x/app/3DSpace/linux_a64/docs/javaserver/XPGCommonEventUtil.jar:/3DS/R2020x/app/3DSpace/linux_a64/docs/javaserver/jena-cmds-3.6.0.jar:/3DS/R2020x/app/3DSpace/linux_a64/docs/javaserver/i3DxMdNewAllocatedResourceAuthNavItf.jar:/3DS/R2020x/app/3DSpace/linux_a64/docs/javaserver/CATTraCntrTraceability.jar:/3DS/R2020x/app/3DSpace/linux_a64/docs/javaserver/CFFModelerItf.jar:/3DS/R2020x/app/3DSpace/linux_a64/docs/javaserver/ENONGWebAPI.jar:/3DS/R2020x/app/3DSpace/linux_a64/docs/javaserver/AbsDockerSdk.jar:/3DS/R2020x/app/3DSpace/linux_a64/docs/javaserver/mqljgenerator.jar:/3DS/R2020x/app/3DSpace/linux_a64/docs/javaserver/mailListener.jar:/3DS/R2020x/app/3DSpace/linux_a64/docs/javaserver/FolderNGServices.jar:/3DS/R2020x/app/3DSpace/linux_a64/docs/javaserver/CATSmmCntrSimuliaProcessComposer.jar:/3DS/R2020x/app/3DSpace/linux_a64/docs/javaserver/ENO6WCollaborativeTasks.jar:/3DS/R2020x/app/3DSpace/linux_a64/docs/javaserver/NewTypingMigration.jar:/3DS/R2020x/app/3DSpace/linux_a64/docs/javaserver/ENOLSACodesServices.jar:/3DS/R2020x/app/3DSpace/linux_a64/docs/javaserver/RegistryClient.jar:/3DS/R2020x/app/3DSpace/linux_a64/docs/javaserver/EnterpriseChangeMdl.jar:/3DS/R2020x/app/3DSpace/linux_a64/docs/javaserver/PLMJChangeActionImplJPO.jar:/3DS/R2020x/app/3DSpace/linux_a64/docs/javaserver/framework.jar:/3DS/R2020x/app/3DSpace/linux_a64/docs/javaserver/i3DXExternalServices.jar:/3DS/R2020x/app/3DSpace/linux_a64/docs/javaserver/jenacoreEE-3.6.0.jar:/3DS/R2020x/app/3DSpace/linux_a64/docs/javaserver/RichEditorServices.jar:/3DS/R2020x/app/3DSpace/linux_a64/docs/javaserver/X3DENOCommonModelServices.jar:/3DS/R2020x/app/3DSpace/linux_a64/docs/javaserver/DELJPPRRestWebServices.jar:/3DS/R2020x/app/3DSpace/linux_a64/docs/javaserver/i3DXCoreInterfaces.jar:/3DS/R2020x/app/3DSpace/linux_a64/docs/javaserver/ENOXProbes.jar:/3DS/R2020x/app/3DSpace/linux_a64/docs/javaserver/jackson-core.jar:/3DS/R2020x/app/3DSpace/linux_a64/docs/javaserver/XPGEventTriggers.jar:/3DS/R2020x/app/3DSpace/linux_a64/docs/javaserver/i3DxMdVPLMStreamMgt.jar:/3DS/R2020x/app/3DSpace/linux_a64/docs/javaserver/ENONewContentSOLIDWORKS.jar:/3DS/R2020x/app/3DSpace/linux_a64/docs/javaserver/CATSmmCntrFMU.jar:/3DS/R2020x/app/3DSpace/linux_a64/docs/javaserver/CATSnapshotNavItf.jar:/3DS/R2020x/app/3DSpace/linux_a64/docs/javaserver/VPLMJDocumentJPO.jar:/3DS/R2020x/app/3DSpace/linux_a64/docs/javaserver/VPLMJLogicalNav.jar:/3DS/R2020x/app/3DSpace/linux_a64/docs/javaserver/search_common.jar:/3DS/R2020x/app/3DSpace/linux_a64/docs/javaserver/ENOPRGCloudJPO.jar:/3DS/R2020x/app/3DSpace/linux_a64/docs/javaserver/ENOPLCMIGJPO.jar:/3DS/R2020x/app/3DSpace/linux_a64/docs/javaserver/ENXSBGridServicesPOC.jar:/3DS/R2020x/app/3DSpace/linux_a64/docs/javaserver/ENOCharacteristicMaster.jar:/3DS/R2020x/app/3DSpace/linux_a64/docs/javaserver/CATJDifModelerNav.jar:/3DS/R2020x/app/3DSpace/linux_a64/docs/javaserver/ENONewContentNX.jar:/3DS/R2020x/app/3DSpace/linux_a64/docs/javaserver/ENOMSFConnector.jar:/3DS/R2020x/app/3DSpace/linux_a64/docs/javaserver/ENOXNavigationServicesItfDefinition.jar:/3DS/R2020x/app/3DSpace/linux_a64/docs/javaserver/CATSmmCntrMagicDrawCore.jar:/3DS/R2020x/app/3DSpace/linux_a64/docs/javaserver/CATSmmCntrPlcOpen.jar:/3DS/R2020x/app/3DSpace/linux_a64/docs/javaserver/ImageManagerServer.jar:/3DS/R2020x/app/3DSpace/linux_a64/docs/javaserver/TeamEngineeringParameter.jar:/3DS/R2020x/app/3DSpace/linux_a64/docs/javaserver/PLMJResourceModeler.jar:/3DS/R2020x/app/3DSpace/linux_a64/docs/javaserver/DMCToolDeployment.jar:/3DS/R2020x/app/3DSpace/linux_a64/docs/javaserver/CATRgnJDIFConnector.jar:/3DS/R2020x/app/3DSpace/linux_a64/docs/javaserver/jackson-databind.jar:/3DS/R2020x/app/3DSpace/linux_a64/docs/javaserver/VPLMJXCADMBAuthoring.jar:/3DS/R2020x/app/3DSpace/linux_a64/docs/javaserver/SpecializationWebServices.jar:/3DS/R2020x/app/3DSpace/linux_a64/docs/javaserver/PLMJCoreKnowledgeIntegration.jar:/3DS/R2020x/app/3DSpace/linux_a64/docs/javaserver/CATModelicaCore.jar:/3DS/R2020x/app/3DSpace/linux_a64/docs/javaserver/document.jar:/3DS/R2020x/app/3DSpace/linux_a64/docs/javaserver/bcpkix-jdk15on-1.60.jar:/3DS/R2020x/app/3DSpace/linux_a64/docs/javaserver/i3DxMdProcessHistorizationLinkAuthNavItf.jar:/3DS/R2020x/app/3DSpace/linux_a64/docs/javaserver/ENO6WSubscriptionMgmtService.jar:/3DS/R2020x/app/3DSpace/linux_a64/docs/javaserver/DMCPublication.jar:/3DS/R2020x/app/3DSpace/linux_a64/docs/javaserver/VPLMJFLBaseNav.jar:/3DS/R2020x/app/3DSpace/linux_a64/docs/javaserver/search_service_client.jar:/3DS/R2020x/app/3DSpace/linux_a64/docs/javaserver/VPLMJConfigCommonServices_JPO.jar:/3DS/R2020x/app/3DSpace/linux_a64/docs/javaserver/i3DxMdProcessNav.jar:/3DS/R2020x/app/3DSpace/linux_a64/docs/javaserver/ENOAuthNavWS.jar:/3DS/R2020x/app/3DSpace/linux_a64/docs/javaserver/activemq-core.jar:/3DS/R2020x/app/3DSpace/linux_a64/docs/javaserver/CATFstDebugKit.jar:/3DS/R2020x/app/3DSpace/linux_a64/docs/javaserver/VPLMJSimulationNavItf.jar:/3DS/R2020x/app/3DSpace/linux_a64/docs/javaserver/CATRgnJConnectorItf.jar:/3DS/R2020x/app/3DSpace/linux_a64/docs/javaserver/XPGAdaptorInfraUtil.jar:/3DS/R2020x/app/3DSpace/linux_a64/docs/javaserver/EWSEKLFunctions.jar:/3DS/R2020x/app/3DSpace/linux_a64/docs/javaserver/ENORelNavServices.jar:/3DS/R2020x/app/3DSpace/linux_a64/docs/javaserver/PLMSecurityCloud.jar:/3DS/R2020x/app/3DSpace/linux_a64/docs/javaserver/CATFsxModelServerCompletion.jar:/3DS/R2020x/app/3DSpace/linux_a64/docs/javaserver/CATSmmCntrReview.jar:/3DS/R2020x/app/3DSpace/linux_a64/docs/javaserver/aspose-slides-21.8-jdk16.jar:/3DS/R2020x/app/3DSpace/linux_a64/docs/javaserver/X3DDriveShareProxy.jar:/3DS/R2020x/app/3DSpace/linux_a64/docs/javaserver/RichEditorConverter.jar:/3DS/R2020x/app/3DSpace/linux_a64/docs/javaserver/JKnowledgeInterfaces.jar:/3DS/R2020x/app/3DSpace/linux_a64/docs/javaserver/CATSmmVPLMClientImpl.jar:/3DS/R2020x/app/3DSpace/linux_a64/docs/javaserver/unresolvedebom.jar:/3DS/R2020x/app/3DSpace/linux_a64/docs/javaserver/MfgPlanGovMdl.jar:/3DS/R2020x/app/3DSpace/linux_a64/docs/javaserver/VPLMPosCollaborativeSpaceModel.jar:/3DS/R2020x/app/3DSpace/linux_a64/docs/javaserver/ENOICriteria.jar:/3DS/R2020x/app/3DSpace/linux_a64/docs/javaserver/i3DXNotificationUtil.jar:/3DS/R2020x/app/3DSpace/linux_a64/docs/javaserver/VPLMJConfigPublicItf.jar:/3DS/R2020x/app/3DSpace/linux_a64/docs/javaserver/i3DXMonitoringInfra.jar:/3DS/R2020x/app/3DSpace/linux_a64/docs/javaserver/CATFstSpotMigrationBatch.jar:/3DS/R2020x/app/3DSpace/linux_a64/docs/javaserver/CATSmmCntrSimulink.jar:/3DS/R2020x/app/3DSpace/linux_a64/docs/javaserver/VPLMJTimeConstraintMigration.jar:/3DS/R2020x/app/3DSpace/linux_a64/docs/javaserver/CATSmmCntrReqtify.jar:/3DS/R2020x/app/3DSpace/linux_a64/docs/javaserver/ENOXOpenAPI.jar:/3DS/R2020x/app/3DSpace/linux_a64/docs/javaserver/CATSmmCntrMsOffice.jar:/3DS/R2020x/app/3DSpace/linux_a64/docs/javaserver/VPLMJResourceMigration.jar:/3DS/R2020x/app/3DSpace/linux_a64/docs/javaserver/ENOCFPMIGJPO.jar:/3DS/R2020x/app/3DSpace/linux_a64/docs/javaserver/VPLMJXCADECAuthoringItf.jar:/3DS/R2020x/app/3DSpace/linux_a64/docs/javaserver/ENOMSFRestServer.jar:/3DS/R2020x/app/3DSpace/linux_a64/docs/javaserver/CATSmmEnoviaCommon.jar:/3DS/R2020x/app/3DSpace/linux_a64/docs/javaserver/VPLMJProductNavItf.jar:/3DS/R2020x/app/3DSpace/linux_a64/docs/javaserver/CATSmmCntrModelRenderer.jar:/3DS/R2020x/app/3DSpace/linux_a64/docs/javaserver/jena-dboe-index-3.6.0.jar:/3DS/R2020x/app/3DSpace/linux_a64/docs/javaserver/VPLMJFunctionalNav.jar:/3DS/R2020x/app/3DSpace/linux_a64/docs/javaserver/VPLMJFunctionalNavItf.jar:/3DS/R2020x/app/3DSpace/linux_a64/docs/javaserver/CATJDoelanJson.jar:/3DS/R2020x/app/3DSpace/linux_a64/docs/javaserver/CVServlet.jar:/3DS/R2020x/app/3DSpace/linux_a64/docs/javaserver/ENODownloadPackageKernel.jar:/3DS/R2020x/app/3DSpace/linux_a64/docs/javaserver/IPLMDictionaryNewJPO.jar:/3DS/R2020x/app/3DSpace/linux_a64/docs/javaserver/ENONewContentINVENTOR.jar:/3DS/R2020x/app/3DSpace/linux_a64/docs/javaserver/CATSmmPlcOpenCore.jar:/3DS/R2020x/app/3DSpace/linux_a64/docs/javaserver/poddefschemas.jar:/3DS/R2020x/app/3DSpace/linux_a64/docs/javaserver/PLMJCFFeffectivity.jar:/3DS/R2020x/app/3DSpace/linux_a64/docs/javaserver/VPLMJMatrixIntegrationItf.jar:/3DS/R2020x/app/3DSpace/linux_a64/docs/javaserver/IPLMBusinessLogicsOnTypes.jar:/3DS/R2020x/app/3DSpace/linux_a64/docs/javaserver/X3DENORestClient.jar:/3DS/R2020x/app/3DSpace/linux_a64/docs/javaserver/VPMCASAuthenticationHandler.jar:/3DS/R2020x/app/3DSpace/linux_a64/docs/javaserver/JParameterDataMigration.jar:/3DS/R2020x/app/3DSpace/linux_a64/docs/javaserver/CATFstCoverage.jar:/3DS/R2020x/app/3DSpace/linux_a64/docs/javaserver/CATTraCntrCommons.jar:/3DS/R2020x/app/3DSpace/linux_a64/docs/javaserver/VPLMJMatrixIntegration.jar:/3DS/R2020x/app/3DSpace/linux_a64/docs/javaserver/mx_search_provider.jar:/3DS/R2020x/app/3DSpace/linux_a64/docs/javaserver/i3DxMdDesktopItf.jar:/3DS/R2020x/app/3DSpace/linux_a64/docs/javaserver/productline.jar:/3DS/R2020x/app/3DSpace/linux_a64/docs/javaserver/VPLMJXCADMBNav.jar:/3DS/R2020x/app/3DSpace/linux_a64/docs/javaserver/JKnowledgeIntegrationUI.jar:/3DS/R2020x/app/3DSpace/linux_a64/docs/javaserver/DELJCommonServicesNav.jar:/3DS/R2020x/app/3DSpace/linux_a64/docs/javaserver/SRChecker.jar:/3DS/R2020x/app/3DSpace/linux_a64/docs/javaserver/ENOValidationServerInterfaces.jar:/3DS/R2020x/app/3DSpace/linux_a64/docs/javaserver/library.jar:/3DS/R2020x/app/3DSpace/linux_a64/docs/javaserver/MessageBusClient.jar:/3DS/R2020x/app/3DSpace/linux_a64/docs/javaserver/VPLMPosAdministrationUIUtil.jar:/3DS/R2020x/app/3DSpace/linux_a64/docs/javaserver/ENODECJSON.jar:/3DS/R2020x/app/3DSpace/linux_a64/docs/javaserver/APIADKImpl.jar:/3DS/R2020x/app/3DSpace/linux_a64/docs/javaserver/ENORMTVPMServices.jar:/3DS/R2020x/app/3DSpace/linux_a64/docs/javaserver/CATJDifModelerNavItf.jar:/3DS/R2020x/app/3DSpace/linux_a64/docs/javaserver/RestServicesInfra.jar:/3DS/R2020x/app/3DSpace/linux_a64/docs/javaserver/ENOCharacteristicRestApp.jar:/3DS/R2020x/app/3DSpace/linux_a64/docs/javaserver/ENOMonitorWatchdogArchives.jar:/3DS/R2020x/app/3DSpace/linux_a64/docs/javaserver/CATSmmCntrAutosar.jar:/3DS/R2020x/app/3DSpace/linux_a64/docs/javaserver/FcsClientLargeFile.jar:/3DS/R2020x/app/3DSpace/linux_a64/docs/javaserver/jackson-module-jaxb-annotations.jar:/3DS/R2020x/app/3DSpace/linux_a64/docs/javaserver/SavedSearchActions.jar:/3DS/R2020x/app/3DSpace/linux_a64/docs/javaserver/ENODownloadPackageServices.jar:/3DS/R2020x/app/3DSpace/linux_a64/docs/javaserver/VPLMJXCADNavItf.jar:/3DS/R2020x/app/3DSpace/linux_a64/docs/javaserver/ENOLifecycleWebServices.jar:/3DS/R2020x/app/3DSpace/linux_a64/docs/javaserver/xgcmo.jar:/3DS/R2020x/app/3DSpace/linux_a64/docs/javaserver/CommonBL.jar:/3DS/R2020x/app/3DSpace/linux_a64/docs/javaserver/search_supportutil.jar:/3DS/R2020x/app/3DSpace/linux_a64/docs/javaserver/javaee-jms-rt.jar:/3DS/R2020x/app/3DSpace/linux_a64/docs/javaserver/FstEKLFunctions.jar:/3DS/R2020x/app/3DSpace/linux_a64/docs/javaserver/restrequirements.jar:/3DS/R2020x/app/3DSpace/linux_a64/docs/javaserver/smbws.jar:/3DS/R2020x/app/3DSpace/linux_a64/docs/javaserver/aspose-slides.jar:/3DS/R2020x/app/3DSpace/linux_a64/docs/javaserver/ENOCorpusRESTEnabler.jar:/3DS/R2020x/app/3DSpace/linux_a64/docs/javaserver/aspose-tasks.jar:/3DS/R2020x/app/3DSpace/linux_a64/docs/javaserver/CATSmmCntrPTCIntegrity.jar:/3DS/R2020x/app/3DSpace/linux_a64/docs/javaserver/i3DxMdProcessAuth.jar:/3DS/R2020x/app/3DSpace/linux_a64/docs/javaserver/CATSmmCntrEEW.jar:/3DS/R2020x/app/3DSpace/linux_a64/docs/javaserver/XCADJobsInfra.jar:/3DS/R2020x/app/3DSpace/linux_a64/docs/javaserver/i3DxMdMBOMCapableResourceAuthImpl.jar:/3DS/R2020x/app/3DSpace/linux_a64/docs/javaserver/IPLMDictionaryChecker.jar:/3DS/R2020x/app/3DSpace/linux_a64/docs/javaserver/CATSmmUmlSupport.jar:/3DS/R2020x/app/3DSpace/linux_a64/docs/javaserver/eMatrixServletRMI.jar:/3DS/R2020x/app/3DSpace/linux_a64/docs/javaserver/ENOSummaryView.jar:/3DS/R2020x/app/3DSpace/linux_a64/docs/javaserver/ENONewContentCREO.jar:/3DS/R2020x/app/3DSpace/linux_a64/docs/javaserver/xml-apis-ext-1.3.04.jar:/3DS/R2020x/app/3DSpace/linux_a64/docs/javaserver/CATFstDeleteMCXs.jar:/3DS/R2020x/app/3DSpace/linux_a64/docs/javaserver/i3DXServiceEngine.jar:/3DS/R2020x/app/3DSpace/linux_a64/docs/javaserver/ENOXProcessEnoviaAdapterServices.jar:/3DS/R2020x/app/3DSpace/linux_a64/docs/javaserver/ENO6WProxy.jar:/3DS/R2020x/app/3DSpace/linux_a64/docs/javaserver/IdentifyLogicalId.jar:/3DS/R2020x/app/3DSpace/linux_a64/docs/javaserver/i3DxMdMSysMgtItf.jar:/3DS/R2020x/app/3DSpace/linux_a64/docs/javaserver/ENOCVSearchUtils.jar:/3DS/R2020x/app/3DSpace/linux_a64/docs/javaserver/ENOCAPAPRGDependency.jar:/3DS/R2020x/app/3DSpace/linux_a64/docs/javaserver/JBusinessRulesModeler.jar:/3DS/R2020x/app/3DSpace/linux_a64/docs/javaserver/DWSMonitor.jar:/3DS/R2020x/app/3DSpace/linux_a64/docs/javaserver/CATJFLModeler.jar:/3DS/R2020x/app/3DSpace/linux_a64/docs/javaserver/CATRgnJElectricalConnector.jar:/3DS/R2020x/app/3DSpace/linux_a64/docs/javaserver/ENOXMDServicesItfUtility.jar:/3DS/R2020x/app/3DSpace/linux_a64/docs/javaserver/i3DxMdHistorizationLinkRefRef.jar:/3DS/R2020x/app/3DSpace/linux_a64/docs/javaserver/ENONewContentWebItf.jar:/3DS/R2020x/app/3DSpace/linux_a64/docs/javaserver/X3DCommentWebservices.jar:/3DS/R2020x/app/3DSpace/linux_a64/docs/javaserver/ENODataImportBaseKernel.jar:/3DS/R2020x/app/3DSpace/linux_a64/docs/javaserver/CATTraModel.jar:/3DS/R2020x/app/3DSpace/linux_a64/docs/javaserver/ENOProjectServices.jar:/3DS/R2020x/app/3DSpace/linux_a64/docs/javaserver/CloudCore.jar:/3DS/R2020x/app/3DSpace/linux_a64/docs/javaserver/ENONCRServices.jar:/3DS/R2020x/app/3DSpace/linux_a64/docs/javaserver/VPLMJProductProbes.jar:/3DS/R2020x/app/3DSpace/linux_a64/docs/javaserver/X3DSpaceDiscoveryWebServices.jar:/3DS/R2020x/app/3DSpace/linux_a64/docs/javaserver/istack-commons-runtime.jar:/3DS/R2020x/app/3DSpace/linux_a64/docs/javaserver/VPLMJConfigAuthoringItf.jar:/3DS/R2020x/app/3DSpace/linux_a64/docs/javaserver/VPLMProbesJPOs.jar:/3DS/R2020x/app/3DSpace/linux_a64/docs/javaserver/VPLMJDraftingAuthoring.jar:/3DS/R2020x/app/3DSpace/linux_a64/docs/javaserver/CollabWebServices.jar:/3DS/R2020x/app/3DSpace/linux_a64/docs/javaserver/i3DXMdCapableAndAllocatedResourceAuthNav.jar:/3DS/R2020x/app/3DSpace/linux_a64/docs/javaserver/PLMSetupParamInfra.jar:/3DS/R2020x/app/3DSpace/linux_a64/docs/javaserver/jena-base-3.6.0.jar:/3DS/R2020x/app/3DSpace/linux_a64/docs/javaserver/DELJPPRRestWebServicesIRPC.jar:/3DS/R2020x/app/3DSpace/linux_a64/docs/javaserver/messagingclientforthumbnailbuilding.jar:/3DS/R2020x/app/3DSpace/linux_a64/docs/javaserver/xalan-2.7.2.jar:/3DS/R2020x/app/3DSpace/linux_a64/docs/javaserver/ExperimentRights.jar:/3DS/R2020x/app/3DSpace/linux_a64/docs/javaserver/ENOCPC.jar:/3DS/R2020x/app/3DSpace/linux_a64/docs/javaserver/ENOXRestServicesInfra.jar:/3DS/R2020x/app/3DSpace/linux_a64/docs/javaserver/ENOCorpusRESTProbes.jar:/3DS/R2020x/app/3DSpace/linux_a64/docs/javaserver/CATSmmCntrNoMagicTeamworkCloud.jar:/3DS/R2020x/app/3DSpace/linux_a64/docs/javaserver/AbsAwsSdk.jar:/3DS/R2020x/app/3DSpace/linux_a64/docs/javaserver/ContentAuthoringServices.jar:/3DS/R2020x/app/3DSpace/linux_a64/docs/javaserver/PLMJConfigMigration2012xJPO.jar:/3DS/R2020x/app/3DSpace/linux_a64/docs/javaserver/VPLMJCheckersIntegration.jar:/3DS/R2020x/app/3DSpace/linux_a64/docs/javaserver/VPLMSRMMQLGenerator.jar:/3DS/R2020x/app/3DSpace/linux_a64/docs/javaserver/ENOSnapshotBaseKernel.jar:/3DS/R2020x/app/3DSpace/linux_a64/docs/javaserver/JConfiguratorSolver.jar:/3DS/R2020x/app/3DSpace/linux_a64/docs/javaserver/i3DxMdMSysMgtNav.jar:/3DS/R2020x/app/3DSpace/linux_a64/docs/javaserver/EWSParameters.jar:/3DS/R2020x/app/3DSpace/linux_a64/docs/javaserver/owasp-esapi-2.1.0.jar:/3DS/R2020x/app/3DSpace/linux_a64/docs/javaserver/ENOXERProbes.jar:/3DS/R2020x/app/3DSpace/linux_a64/docs/javaserver/i3DXTagServices.jar:/3DS/R2020x/app/3DSpace/linux_a64/docs/javaserver/fontbox-2.0.4.jar:/3DS/R2020x/app/3DSpace/linux_a64/docs/javaserver/jena-iri-3.6.0.jar:/3DS/R2020x/app/3DSpace/linux_a64/docs/javaserver/indexedsecurityv2_prefix_handler.jar:/3DS/R2020x/app/3DSpace/linux_a64/docs/javaserver/ENOAuditBaseServices.jar:/3DS/R2020x/app/3DSpace/linux_a64/docs/javaserver/MultiContextAccess.jar:/3DS/R2020x/app/3DSpace/linux_a64/docs/javaserver/CATRgnJReportGenerationEnovia.jar:/3DS/R2020x/app/3DSpace/linux_a64/docs/javaserver/VPLMJSystemNavUI.jar:/3DS/R2020x/app/3DSpace/linux_a64/docs/javaserver/IPLMDictionaryCoreItf.jar:/3DS/R2020x/app/3DSpace/linux_a64/docs/javaserver/ENOCorpusRESTEnablerER.jar:/3DS/R2020x/app/3DSpace/linux_a64/docs/javaserver/i3dxMdMBOMMfgResponsibility.jar:/3DS/R2020x/app/3DSpace/linux_a64/docs/javaserver/PLMJResourceInterfaces.jar:/3DS/R2020x/app/3DSpace/linux_a64/docs/javaserver/CloudAbsTypica.jar:/3DS/R2020x/app/3DSpace/linux_a64/docs/javaserver/ENOProjectMgmtExtensionsServices.jar:/3DS/R2020x/app/3DSpace/linux_a64/docs/javaserver/JVocabularyModeler.jar:/3DS/R2020x/app/3DSpace/linux_a64/docs/javaserver/jaxb-impl.jar:/3DS/R2020x/app/3DSpace/linux_a64/docs/javaserver/CATSmmCntrSystemArchitect.jar:/3DS/R2020x/app/3DSpace/linux_a64/docs/javaserver/ENOPSUMDServicesImplementation.jar:/3DS/R2020x/app/3DSpace/linux_a64/docs/javaserver/StrictOrgOwnership.jar:/3DS/R2020x/app/3DSpace/linux_a64/docs/javaserver/ENOXInfra.jar:/3DS/R2020x/app/3DSpace/linux_a64/docs/javaserver/i3DxMdPreAssignedResource.jar:/3DS/R2020x/app/3DSpace/linux_a64/docs/javaserver/VPLMJModelerBaseNav.jar:/3DS/R2020x/app/3DSpace/linux_a64/docs/javaserver/AbsArmSdk.jar:/3DS/R2020x/app/3DSpace/linux_a64/docs/javaserver/VPLMJSimulationNavUI.jar:/3DS/R2020x/app/3DSpace/linux_a64/docs/javaserver/CATRgnJCommon.jar:/3DS/R2020x/app/3DSpace/linux_a64/docs/javaserver/collection-0.7.jar:/3DS/R2020x/app/3DSpace/linux_a64/docs/javaserver/CATRgnJDMTDocumentConnector.jar:/3DS/R2020x/app/3DSpace/linux_a64/docs/javaserver/mx_axis.jar:/3DS/R2020x/app/3DSpace/linux_a64/docs/javaserver/AlternateSubstituteManagementImplJPO.jar:/3DS/R2020x/app/3DSpace/linux_a64/docs/javaserver/VPLMJModelerBaseAuthoring.jar:/3DS/R2020x/app/3DSpace/linux_a64/docs/javaserver/ENOPerformanceMessenger.jar:/3DS/R2020x/app/3DSpace/linux_a64/docs/javaserver/VPLMPosRscModel.jar:/3DS/R2020x/app/3DSpace/linux_a64/docs/javaserver/ENOProcessStepsServices.jar:/3DS/R2020x/app/3DSpace/linux_a64/docs/javaserver/ENOLSACommon.jar:/3DS/R2020x/app/3DSpace/linux_a64/docs/javaserver/ENOPSUCommonServicesImplementation.jar:/3DS/R2020x/app/3DSpace/linux_a64/docs/javaserver/preflight-2.0.24.jar:/3DS/R2020x/app/3DSpace/linux_a64/docs/javaserver/X3DDriveModelerItf.jar:/3DS/R2020x/app/3DSpace/linux_a64/docs/javaserver/BBDEnv.jar:/3DS/R2020x/app/3DSpace/linux_a64/docs/javaserver/EBOMManagement.jar:/3DS/R2020x/app/3DSpace/linux_a64/docs/javaserver/CATRgnJPLMProductConnector.jar:/3DS/R2020x/app/3DSpace/linux_a64/docs/javaserver/fontbox-2.0.24.jar:/3DS/R2020x/app/3DSpace/linux_a64/docs/javaserver/CATRgnJProductionSystemConnector.jar:/3DS/R2020x/app/3DSpace/linux_a64/docs/javaserver/CATTraAnalyzer.jar:/3DS/R2020x/app/3DSpace/linux_a64/docs/javaserver/i3DxMdProductRestricted.jar:/3DS/R2020x/app/3DSpace/linux_a64/docs/javaserver/libthrift-0.10.0.jar:/3DS/R2020x/app/3DSpace/linux_a64/docs/javaserver/CATRgnJReportManagement.jar:/3DS/R2020x/app/3DSpace/linux_a64/docs/javaserver/JParameterModeler.jar:/3DS/R2020x/app/3DSpace/linux_a64/docs/javaserver/DMCToolAuthoring.jar:/3DS/R2020x/app/3DSpace/linux_a64/docs/javaserver/i3DXCommands.jar:/3DS/R2020x/app/3DSpace/linux_a64/docs/javaserver/ENOXCommonServicesItfDefinition.jar:/3DS/R2020x/app/3DSpace/linux_a64/docs/javaserver/cxf-rt-frontend-jaxrs.jar:/3DS/R2020x/app/3DSpace/linux_a64/docs/javaserver/CATSmmCntrBehaviorModeling.jar:/3DS/R2020x/app/3DSpace/linux_a64/docs/javaserver/X3DSpaceShare.jar:/3DS/R2020x/app/3DSpace/linux_a64/docs/javaserver/VPLMJResourceNavJPO.jar:/3DS/R2020x/app/3DSpace/linux_a64/docs/javaserver/VPLMJCollaborationItf.jar:/3DS/R2020x/app/3DSpace/linux_a64/docs/javaserver/CATSmmServerItf.jar:/3DS/R2020x/app/3DSpace/linux_a64/docs/javaserver/ProductLineMdlJPO.jar:/3DS/R2020x/app/3DSpace/linux_a64/docs/javaserver/ENODerivedOutputJobServices.jar:/3DS/R2020x/app/3DSpace/linux_a64/docs/javaserver/ENOLockServices.jar:/3DS/R2020x/app/3DSpace/linux_a64/docs/javaserver/CATSmmCntrControlBuild.jar:/3DS/R2020x/app/3DSpace/linux_a64/docs/javaserver/ENOSysWarutil.jar:/3DS/R2020x/app/3DSpace/linux_a64/docs/javaserver/VPLMUpdateStampJPOs.jar:/3DS/R2020x/app/3DSpace/linux_a64/docs/javaserver/PLMJChangePublicItf.jar:/3DS/R2020x/app/3DSpace/linux_a64/docs/javaserver/CATFLSerialization.jar:/3DS/R2020x/app/3DSpace/linux_a64/docs/javaserver/VPLMJProductionSystemAuthoring.jar:/3DS/R2020x/app/3DSpace/linux_a64/docs/javaserver/CATSFYSmmCntrFaultTreeAnalysisConnector.jar:/3DS/R2020x/app/3DSpace/linux_a64/docs/javaserver/ENOContacts.jar:/3DS/R2020x/app/3DSpace/linux_a64/docs/javaserver/cas-client-core.jar:/3DS/R2020x/app/3DSpace/linux_a64/docs/javaserver/PLMJCoreIPProtection.jar:/3DS/R2020x/app/3DSpace/linux_a64/docs/javaserver/VPLMJXCADMBNavItf.jar:/3DS/R2020x/app/3DSpace/linux_a64/docs/javaserver/VPLMJBlendingTableJPO.jar:/3DS/R2020x/app/3DSpace/linux_a64/docs/javaserver/CATSmmCntrBehaviorSimuObj.jar:/3DS/R2020x/app/3DSpace/linux_a64/docs/javaserver/CATJDifModelerEKLServices.jar:/3DS/R2020x/app/3DSpace/linux_a64/docs/javaserver/i3DxMdControlPlan.jar:/3DS/R2020x/app/3DSpace/linux_a64/docs/javaserver/PLMJCatalogModeler.jar:/3DS/R2020x/app/3DSpace/linux_a64/docs/javaserver/ENOPADServices.jar:/3DS/R2020x/app/3DSpace/linux_a64/docs/javaserver/dscfgER.jar:/3DS/R2020x/app/3DSpace/linux_a64/docs/javaserver/ENOProcessStepsKernel.jar:/3DS/R2020x/app/3DSpace/linux_a64/docs/javaserver/VPLMJProductServerMigration.jar:/3DS/R2020x/app/3DSpace/linux_a64/docs/javaserver/ENORiskMgmtBase.jar:/3DS/R2020x/app/3DSpace/linux_a64/docs/javaserver/SpinnerBuild.jar:/3DS/R2020x/app/3DSpace/linux_a64/docs/javaserver/VPLMPosAdministrationUIJPO.jar:/3DS/R2020x/app/3DSpace/linux_a64/docs/javaserver/X3DENOCommonModel.jar:/3DS/R2020x/app/3DSpace/linux_a64/docs/javaserver/ENOXERInfra.jar:/3DS/R2020x/app/3DSpace/linux_a64/docs/javaserver/JExpressionEngine.jar:/3DS/R2020x/app/3DSpace/linux_a64/docs/javaserver/i3DXMdImplLinkManagement.jar:/3DS/R2020x/app/3DSpace/linux_a64/docs/javaserver/PLMJConfigExpressionImpl.jar:/3DS/R2020x/app/3DSpace/linux_a64/docs/javaserver/CATSmmCntrSafety.jar:/3DS/R2020x/app/3DSpace/linux_a64/docs/javaserver/jaxb-runtime.jar:/3DS/R2020x/app/3DSpace/linux_a64/docs/javaserver/DSLCRestWebServices.jar:/3DS/R2020x/app/3DSpace/linux_a64/docs/javaserver/ENOMaskAdminServices.jar:/3DS/R2020x/app/3DSpace/linux_a64/docs/javaserver/VPLMJResourceAuthoringItf.jar:/3DS/R2020x/app/3DSpace/linux_a64/docs/javaserver/FCSWebServices.jar:/3DS/R2020x/app/3DSpace/linux_a64/docs/javaserver/CATRgnJGenerationToolkit.jar:/3DS/R2020x/app/3DSpace/linux_a64/docs/javaserver/engineering.jar:/3DS/R2020x/app/3DSpace/linux_a64/docs/javaserver/CATSmmCntrWeb.jar:/3DS/R2020x/app/3DSpace/linux_a64/docs/javaserver/DScommons-net.jar:/3DS/R2020x/app/3DSpace/linux_a64/docs/javaserver/ENOPrefixedProcess.jar:/3DS/R2020x/app/3DSpace/linux_a64/docs/javaserver/RDFModificationsMessages.jar:/3DS/R2020x/app/3DSpace/linux_a64/docs/javaserver/prefix_handler.jar:/3DS/R2020x/app/3DSpace/linux_a64/docs/javaserver/VPLMJPPRMigration.jar:/3DS/R2020x/app/3DSpace/linux_a64/docs/javaserver/OperationsPersistency.jar:/3DS/R2020x/app/3DSpace/linux_a64/docs/javaserver/i3DxMdCommonServicesItf.jar:/3DS/R2020x/app/3DSpace/linux_a64/docs/javaserver/XCADJobsWebServices.jar:/3DS/R2020x/app/3DSpace/linux_a64/docs/javaserver/PLMPIMModelNavOnServer.jar:/3DS/R2020x/app/3DSpace/linux_a64/docs/javaserver/ENOVIALocationControlJPO.jar:/3DS/R2020x/app/3DSpace/linux_a64/docs/javaserver/CATSmmEnoviaClientImpl.jar:/3DS/R2020x/app/3DSpace/linux_a64/docs/javaserver/PLMJConfigMigration2012x.jar:/3DS/R2020x/app/3DSpace/linux_a64/docs/javaserver/VPLMJRadeDictionaryInterfaces.jar:/3DS/R2020x/app/3DSpace/linux_a64/docs/javaserver/XPDM3DPartRule.jar:/3DS/R2020x/app/3DSpace/linux_a64/docs/javaserver/VPLMJProductionSystemNavItf.jar:/3DS/R2020x/app/3DSpace/linux_a64/docs/javaserver/jena-arq-3.6.0.jar:/3DS/R2020x/app/3DSpace/linux_a64/docs/javaserver/ENORelNavSynchroStatusAPI.jar:/3DS/R2020x/app/3DSpace/linux_a64/docs/javaserver/i3DxCapableAllocatedRsc.jar:/3DS/R2020x/app/3DSpace/linux_a64/docs/javaserver/PLMExchangeStatusMigration.jar:/3DS/R2020x/app/3DSpace/linux_a64/docs/javaserver/PLMJChangeActionItf.jar:/3DS/R2020x/app/3DSpace/linux_a64/docs/javaserver/VPLMJOperationSynchronizer.jar:/3DS/R2020x/app/3DSpace/linux_a64/docs/javaserver/VPLMJMaterialIndexation.jar:/3DS/R2020x/app/3DSpace/linux_a64/docs/javaserver/CATSmmItf.jar:/3DS/R2020x/app/3DSpace/linux_a64/docs/javaserver/CATSmmCntrSimuliaTestSpecification.jar:/3DS/R2020x/app/3DSpace/linux_a64/docs/javaserver/CAT3DExpWebServices.jar:/3DS/R2020x/app/3DSpace/linux_a64/docs/javaserver/CATJWidgetToolkit.jar:/3DS/R2020x/app/3DSpace/linux_a64/docs/javaserver/CloudAbstractionKeys.jar:/3DS/R2020x/app/3DSpace/linux_a64/docs/javaserver/ENOSysMonitoringAgent.jar:/3DS/R2020x/app/3DSpace/linux_a64/docs/javaserver/CATSmmXSF.jar:/3DS/R2020x/app/3DSpace/linux_a64/docs/javaserver/ENOCollection-zxingcore-3.2.1.jar:/3DS/R2020x/app/3DSpace/linux_a64/docs/javaserver/PLMJConfigExposedAPIsImpl.jar:/3DS/R2020x/app/3DSpace/linux_a64/docs/javaserver/VPLMJDocumentServices.jar:/3DS/R2020x/app/3DSpace/linux_a64/docs/javaserver/ENOXMDServicesItfDefinition.jar:/3DS/R2020x/app/3DSpace/linux_a64/docs/javaserver/PLMJChgEKLServices.jar:/3DS/R2020x/app/3DSpace/linux_a64/docs/javaserver/X3DDriveWebservices.jar:/3DS/R2020x/app/3DSpace/linux_a64/docs/javaserver/i3DxMdProductMgtItf.jar:/3DS/R2020x/app/3DSpace/linux_a64/docs/javaserver/IPLMDictionaryAccessPublicItf.jar:/3DS/R2020x/app/3DSpace/linux_a64/docs/javaserver/i3DxRichClientPLMInfrastructure.jar:/3DS/R2020x/app/3DSpace/linux_a64/docs/javaserver/VISCACloudServices.jar:/3DS/R2020x/app/3DSpace/linux_a64/docs/javaserver/FcsClient.jar:/3DS/R2020x/app/3DSpace/linux_a64/docs/javaserver/i3DXPnOPublicWebServices.jar:/3DS/R2020x/app/3DSpace/linux_a64/docs/javaserver/ENOChangeOwnership.jar:/3DS/R2020x/app/3DSpace/linux_a64/docs/javaserver/StandardReadAbility.jar:/3DS/R2020x/app/3DSpace/linux_a64/docs/javaserver/JVocabularyWebServices.jar:/3DS/R2020x/app/3DSpace/linux_a64/docs/javaserver/bcprov-jdk15on-1.60.jar:/3DS/R2020x/app/3DSpace/linux_a64/docs/javaserver/i3DxMdMBOMHistorizationLink.jar:/3DS/R2020x/app/3DSpace/linux_a64/docs/javaserver/PLMJChangeDependenciesItf.jar:/3DS/R2020x/app/3DSpace/linux_a64/docs/javaserver/enterprisechangemgt.jar:/3DS/R2020x/app/3DSpace/linux_a64/docs/javaserver/GovMdlInfra.jar:/3DS/R2020x/app/3DSpace/linux_a64/docs/javaserver/dsenoER.jar:/3DS/R2020x/app/3DSpace/linux_a64/docs/javaserver/tenantRestServices.jar:/3DS/R2020x/app/3DSpace/linux_a64/docs/javaserver/AppsMngtCore.jar:/3DS/R2020x/app/3DSpace/linux_a64/docs/javaserver/PLMJConfigModelersMediatorItf.jar:/3DS/R2020x/app/3DSpace/linux_a64/docs/javaserver/xportfolio-modeler.jar:/3DS/R2020x/app/3DSpace/linux_a64/docs/javaserver/i3dxMdDerivedOutputStreamMgt.jar:/3DS/R2020x/app/3DSpace/linux_a64/docs/javaserver/XPGKnowledge.jar:/3DS/R2020x/app/3DSpace/linux_a64/docs/javaserver/CATSmmCntrJira.jar:/3DS/R2020x/app/3DSpace/linux_a64/docs/javaserver/API.jar:/3DS/R2020x/app/3DSpace/linux_a64/docs/javaserver/hawtbuf-1.11.jar:/3DS/R2020x/app/3DSpace/linux_a64/docs/javaserver/VPLMJFunctionalAuthoringItf.jar:/3DS/R2020x/app/3DSpace/linux_a64/docs/javaserver/CATRgnNavigConnectionServices.jar:/3DS/R2020x/app/3DSpace/linux_a64/docs/javaserver/PLMJDMTModelerExit.jar:/3DS/R2020x/app/3DSpace/linux_a64/docs/javaserver/avalon-framework-api-4.3.1.jar:/3DS/R2020x/app/3DSpace/linux_a64/docs/javaserver/CfgDictionaryMdlMigrationJPO.jar:/3DS/R2020x/app/3DSpace/linux_a64/docs/javaserver/VPLMJProductEditorJava.jar:/3DS/R2020x/app/3DSpace/linux_a64/docs/javaserver/i3dxMdProcessMfgResponsibility.jar:/3DS/R2020x/app/3DSpace/linux_a64/docs/javaserver/ENOXFLCommonERTools.jar:/3DS/R2020x/app/3DSpace/linux_a64/docs/javaserver/i3DXPnOWebServicesUtil.jar:/3DS/R2020x/app/3DSpace/linux_a64/docs/javaserver/CATSmmCntrFL.jar:/3DS/R2020x/app/3DSpace/linux_a64/docs/javaserver/ENOVersioningMigration.jar:/3DS/R2020x/app/3DSpace/linux_a64/docs/javaserver/VPLMJPPRBase.jar:/3DS/R2020x/app/3DSpace/linux_a64/docs/javaserver/VPLMPosModelerJPO.jar:/3DS/R2020x/app/3DSpace/linux_a64/docs/javaserver/consolidation_server_provider.jar:/3DS/R2020x/app/3DSpace/linux_a64/docs/javaserver/i3DxPrcsMBOMPrdOutputCnx.jar:/3DS/R2020x/app/3DSpace/linux_a64/docs/javaserver/JKnowledgeIntegration.jar:/3DS/R2020x/app/3DSpace/linux_a64/docs/javaserver/AutoPromote.jar:/3DS/R2020x/app/3DSpace/linux_a64/docs/javaserver/BlockV5CoexRepCloning.jar:/3DS/R2020x/app/3DSpace/linux_a64/docs/javaserver/RMTMigrationService.jar:/3DS/R2020x/app/3DSpace/linux_a64/docs/javaserver/CATSmmCntrTransformation.jar:/3DS/R2020x/app/3DSpace/linux_a64/docs/javaserver/ENOXAuthoringServicesItfDefinition.jar:/3DS/R2020x/app/3DSpace/linux_a64/docs/javaserver/VPLMPosMaskCompiler.jar:/3DS/R2020x/app/3DSpace/linux_a64/docs/javaserver/i3DxMdMBOMMgtNav.jar:/3DS/R2020x/app/3DSpace/linux_a64/docs/javaserver/DMCTool.jar:/3DS/R2020x/app/3DSpace/linux_a64/docs/javaserver/ENOEKLCharacteristic.jar:/3DS/R2020x/app/3DSpace/linux_a64/docs/javaserver/VPLMJConfigCommonServices.jar:/3DS/R2020x/app/3DSpace/linux_a64/docs/javaserver/GovMdlInfraJPO.jar:/3DS/R2020x/app/3DSpace/linux_a64/docs/javaserver/DELJPPRRestWebServicesAppLogic.jar:/3DS/R2020x/app/3DSpace/linux_a64/docs/javaserver/ENOXCADParamWebService.jar:/3DS/R2020x/app/3DSpace/linux_a64/docs/javaserver/dslibER.jar:/3DS/R2020x/app/3DSpace/linux_a64/docs/javaserver/PLMJModelersIPProtection.jar:/3DS/R2020x/app/3DSpace/linux_a64/docs/javaserver/DELJPPRRestWebServicesBase.jar:/3DS/R2020x/app/3DSpace/linux_a64/docs/javaserver/poddefxmlutils.jar:/3DS/R2020x/app/3DSpace/linux_a64/docs/javaserver/JExpressionParser.jar:/3DS/R2020x/app/3DSpace/linux_a64/docs/javaserver/ENOXSoftwareCloudJPO.jar:/3DS/R2020x/app/3DSpace/linux_a64/docs/javaserver/i3DXMdImplLinkManagementItf.jar:/3DS/R2020x/app/3DSpace/linux_a64/docs/javaserver/VPLMPosBusinessModel.jar:/3DS/R2020x/app/3DSpace/linux_a64/docs/javaserver/AppsMngtWebStore.jar:/3DS/R2020x/app/3DSpace/linux_a64/docs/javaserver/ENOSynchroStatusBase.jar:/3DS/R2020x/app/3DSpace/linux_a64/docs/javaserver/RevisionId.jar:/3DS/R2020x/app/3DSpace/linux_a64/docs/javaserver/VPLMPosAdminServices.jar:/3DS/R2020x/app/3DSpace/linux_a64/docs/javaserver/ENODownloadPackage.jar:/3DS/R2020x/app/3DSpace/linux_a64/docs/javaserver/ENOESRInquiryBaseServices.jar:/3DS/R2020x/app/3DSpace/linux_a64/docs/javaserver/i3DXBOMPnOServicesItf.jar:/3DS/R2020x/app/3DSpace/linux_a64/docs/javaserver/PLMJAuthoringContextWebServices.jar:/3DS/R2020x/app/3DSpace/linux_a64/docs/javaserver/CATRgnJFluidicConnector.jar:/3DS/R2020x/app/3DSpace/linux_a64/docs/javaserver/ENOControlledPrinting.jar:/3DS/R2020x/app/3DSpace/linux_a64/docs/javaserver/CVServletJavaInterface.jar:/3DS/R2020x/app/3DSpace/linux_a64/docs/javaserver/CheckVPLMLogin.jar:/3DS/R2020x/app/3DSpace/linux_a64/docs/javaserver/JParameterEKL.jar:/3DS/R2020x/app/3DSpace/linux_a64/docs/javaserver/VPLMJImplementLinkAuthoring.jar:/3DS/R2020x/app/3DSpace/linux_a64/docs/javaserver/ENOSysJavaChecker.jar:/3DS/R2020x/app/3DSpace/linux_a64/docs/javaserver/CATRgnJPLMPPRConnector.jar:/3DS/R2020x/app/3DSpace/linux_a64/docs/javaserver/CloudInject.jar:/3DS/R2020x/app/3DSpace/linux_a64/docs/javaserver/JOntologyInterfaces.jar:/3DS/R2020x/app/3DSpace/linux_a64/docs/javaserver/ENOMonitorWatchdogReflection.jar:/3DS/R2020x/app/3DSpace/linux_a64/docs/javaserver/AlternateSubstituteManagementServices.jar:/3DS/R2020x/app/3DSpace/linux_a64/docs/javaserver/CompassData.jar:/3DS/R2020x/app/3DSpace/linux_a64/docs/javaserver/aspose.pdf-21.8.jar:/3DS/R2020x/app/3DSpace/linux_a64/docs/javaserver/cxf-rt-rs-client.jar:/3DS/R2020x/app/3DSpace/linux_a64/docs/javaserver/CATSmmOslcSupport.jar:/3DS/R2020x/app/3DSpace/linux_a64/docs/javaserver/i3DxSecondaryCapableRsc.jar:/3DS/R2020x/app/3DSpace/linux_a64/docs/javaserver/cxf-core.jar:/3DS/R2020x/app/3DSpace/linux_a64/docs/javaserver/i3DXTagUsersServices.jar:/3DS/R2020x/app/3DSpace/linux_a64/docs/javaserver/libraryrestservices.jar:/3DS/R2020x/app/3DSpace/linux_a64/docs/javaserver/xpgUtils.jar:/3DS/R2020x/app/3DSpace/linux_a64/docs/javaserver/PLMJChangeActionImpl.jar:/3DS/R2020x/app/3DSpace/linux_a64/docs/javaserver/gwt-servlet.jar:/3DS/R2020x/app/3DSpace/linux_a64/docs/javaserver/i3DxMdPreAssignedResourceItf.jar:/3DS/R2020x/app/3DSpace/linux_a64/docs/javaserver/CATSmmTransformationCore.jar:/3DS/R2020x/app/3DSpace/linux_a64/docs/javaserver/PLMJConfigEntityItf.jar:/3DS/R2020x/app/3DSpace/linux_a64/docs/javaserver/CATSmmAccessIRPCModel.jar:/3DS/R2020x/app/3DSpace/linux_a64/docs/javaserver/sxi-er-crawler-dataset.jar:/3DS/R2020x/app/3DSpace/linux_a64/docs/javaserver/PLMJChangeDependenciesWebService.jar:/3DS/R2020x/app/3DSpace/linux_a64/docs/javaserver/ViewerRights.jar:/3DS/R2020x/app/3DSpace/linux_a64/docs/javaserver/CATRgnJServices.jar:/3DS/R2020x/app/3DSpace/linux_a64/docs/javaserver/JParamWebServices.jar:/3DS/R2020x/app/3DSpace/linux_a64/docs/javaserver/dsdoER.jar:/3DS/R2020x/app/3DSpace/linux_a64/docs/javaserver/aspose-words.jar:/3DS/R2020x/app/3DSpace/linux_a64/docs/javaserver/AppsMngtConfig.jar:/3DS/R2020x/app/3DSpace/linux_a64/docs/javaserver/VPLMJXCADECNavItf.jar:/3DS/R2020x/app/3DSpace/linux_a64/docs/javaserver/i3DxMdMaterialManagement.jar:/3DS/R2020x/app/3DSpace/linux_a64/docs/javaserver/dsxcadER.jar:/3DS/R2020x/app/3DSpace/linux_a64/docs/javaserver/VPLMJLogicalNavItf.jar:/3DS/R2020x/app/3DSpace/linux_a64/docs/javaserver/StrictTransfer.jar:/3DS/R2020x/app/3DSpace/linux_a64/docs/javaserver/ENODONavServices.jar:/3DS/R2020x/app/3DSpace/linux_a64/docs/javaserver/johnzon-core.jar:/3DS/R2020x/app/3DSpace/linux_a64/docs/javaserver/PLMJConfigExpressionItf.jar:/3DS/R2020x/app/3DSpace/linux_a64/docs/javaserver/kcServlet.jar:/3DS/R2020x/app/3DSpace/linux_a64/docs/javaserver/CheckVPLMLoginMain.jar:/3DS/R2020x/app/3DSpace/linux_a64/docs/javaserver/ENOAuditTrail.jar:/3DS/R2020x/app/3DSpace/linux_a64/docs/javaserver/CATSmmCntrEnoviaProducts.jar:/3DS/R2020x/app/3DSpace/linux_a64/docs/javaserver/CATSmmCntrTester.jar:/3DS/R2020x/app/3DSpace/linux_a64/docs/javaserver/FcsBackEnd.jar:/3DS/R2020x/app/3DSpace/linux_a64/docs/javaserver/i3DxMdMBOMMgtItf.jar:/3DS/R2020x/app/3DSpace/linux_a64/docs/javaserver/ENOXDocumentControlServices.jar:/3DS/R2020x/app/3DSpace/linux_a64/docs/javaserver/ENOLifecycleWebItf.jar:/3DS/R2020x/app/3DSpace/linux_a64/docs/javaserver/VPLMJProductNav.jar:/3DS/R2020x/app/3DSpace/linux_a64/docs/javaserver/X3DDriveModel.jar:/3DS/R2020x/app/3DSpace/linux_a64/docs/javaserver/CATRgnJPLMConnector.jar:/3DS/R2020x/app/3DSpace/linux_a64/docs/javaserver/liveUpgrade.jar:/3DS/R2020x/app/3DSpace/linux_a64/docs/javaserver/CloudModel.jar:/3DS/R2020x/app/3DSpace/linux_a64/docs/javaserver/cxf-rt-transports-http.jar:/3DS/R2020x/app/3DSpace/linux_a64/docs/javaserver/JBusinessRulesEditor.jar:/3DS/R2020x/app/3DSpace/linux_a64/docs/javaserver/X3DDriveBatchIteration.jar:/3DS/R2020x/app/3DSpace/linux_a64/docs/javaserver/OperationsAgentClient.jar:/3DS/R2020x/app/3DSpace/linux_a64/docs/javaserver/CATSmmSupport.jar:/3DS/R2020x/app/3DSpace/linux_a64/docs/javaserver/VPLMJXCADECAuthoring.jar:/3DS/R2020x/app/3DSpace/linux_a64/docs/javaserver/PLMSecurityServlet.jar:/3DS/R2020x/app/3DSpace/linux_a64/docs/javaserver/RDFUserGroupClient.jar:/3DS/R2020x/app/3DSpace/linux_a64/docs/javaserver/i3DxMdProcessJavaProcedures.jar:/3DS/R2020x/app/3DSpace/linux_a64/docs/javaserver/javaee-api7.jar:/3DS/R2020x/app/3DSpace/linux_a64/docs/javaserver/IPLMRuleEditor.jar:/3DS/R2020x/app/3DSpace/linux_a64/docs/javaserver/RDFModificationsUtils.jar:/3DS/R2020x/app/3DSpace/linux_a64/docs/javaserver/i3DxMdCommonServices.jar:/3DS/R2020x/app/3DSpace/linux_a64/docs/javaserver/VPLMJFctProcessAdvAuth.jar:/3DS/R2020x/app/3DSpace/linux_a64/docs/javaserver/i3DxMdProcessImplLinkItf.jar:/3DS/R2020x/app/3DSpace/linux_a64/docs/javaserver/CATSmmCore.jar:/3DS/R2020x/app/3DSpace/linux_a64/docs/javaserver/m1jsystem.jar:/3DS/R2020x/app/3DSpace/linux_a64/docs/javaserver/DSYCheckAppServerVsDB.jar:/3DS/R2020x/app/3DSpace/linux_a64/docs/javaserver/VPLMPosAdmin3DExpServices.jar:/3DS/R2020x/app/3DSpace/linux_a64/docs/javaserver/IPLMDictionaryAuthor.jar:/3DS/R2020x/app/3DSpace/linux_a64/docs/javaserver/VPLMDataMigrationJPOs.jar:/3DS/R2020x/app/3DSpace/linux_a64/docs/javaserver/i3DxMdBusinessLogic.jar:/3DS/R2020x/app/3DSpace/linux_a64/docs/javaserver/mx_jdom_1.0.jar:/3DS/R2020x/app/3DSpace/linux_a64/docs/javaserver/dsreqER.jar:/3DS/R2020x/app/3DSpace/linux_a64/docs/javaserver/messagingclientthreedspace.jar:/3DS/R2020x/app/3DSpace/linux_a64/docs/javaserver/ENOKernelMonitoring.jar:/3DS/R2020x/app/3DSpace/linux_a64/docs/javaserver/VPLMJPGPOptimisation.jar:/3DS/R2020x/app/3DSpace/linux_a64/docs/javaserver/i3DXInstallInfraArchitecture.jar:/3DS/R2020x/app/3DSpace/linux_a64/docs/javaserver/enterprisechangemgtapp.jar:/3DS/R2020x/app/3DSpace/linux_a64/docs/javaserver/ENOLCMCompareWebService.jar:/3DS/R2020x/app/3DSpace/linux_a64/docs/javaserver/ENO6WOpenApiDocs.jar:/3DS/R2020x/app/3DSpace/linux_a64/docs/javaserver/CloudMOM.jar:/3DS/R2020x/app/3DSpace/linux_a64/docs/javaserver/i3DXEngineAdapter.jar:/3DS/R2020x/app/3DSpace/linux_a64/docs/javaserver/aspose-words-21.9.0-jdk17.jar:/3DS/R2020x/app/3DSpace/linux_a64/docs/javaserver/PLMJChgServices.jar:/3DS/R2020x/app/3DSpace/linux_a64/docs/javaserver/VPLMXPParamInfra.jar:/3DS/R2020x/app/3DSpace/linux_a64/docs/javaserver/ENOTicketMgmtBaseKernel.jar:/3DS/R2020x/app/3DSpace/linux_a64/docs/javaserver/CATSFYSmmCntrReliabilitySource.jar:/3DS/R2020x/app/3DSpace/linux_a64/docs/javaserver/ENOCAPABaseKernel.jar:/3DS/R2020x/app/3DSpace/linux_a64/docs/javaserver/log4j-1.2.16.jar:/3DS/R2020x/app/3DSpace/linux_a64/docs/javaserver/ConfigGovBrowseServices.jar:/3DS/R2020x/app/3DSpace/linux_a64/docs/javaserver/VPLMJRobotMigration.jar:/3DS/R2020x/app/3DSpace/linux_a64/docs/javaserver/VPLMPosMaskMerger.jar:/3DS/R2020x/app/3DSpace/linux_a64/docs/javaserver/DELEKLFunctions.jar:/3DS/R2020x/app/3DSpace/linux_a64/docs/javaserver/i3DxCapableAndAllocatedResourceAuthNavItf.jar:/3DS/R2020x/app/3DSpace/linux_a64/docs/javaserver/AuthCmdServices.jar:/3DS/R2020x/app/3DSpace/linux_a64/docs/javaserver/i3DxStreamManagement.jar:/3DS/R2020x/app/3DSpace/linux_a64/docs/javaserver/XCADDetectUnsync.jar:/3DS/R2020x/app/3DSpace/linux_a64/docs/javaserver/oslcbase.jar:/3DS/R2020x/app/3DSpace/linux_a64/docs/javaserver/commons-logging-1.0.4.jar:/3DS/R2020x/app/3DSpace/linux_a64/docs/javaserver/search_service_provider.jar:/3DS/R2020x/app/3DSpace/linux_a64/docs/javaserver/PLMConfigFilterServices_JPO.jar:/3DS/R2020x/app/3DSpace/linux_a64/docs/javaserver/i3DXKweImpl.jar:/3DS/R2020x/app/3DSpace/linux_a64/docs/javaserver/ENOCorpusRESTOpenAPI.jar:/3DS/R2020x/app/3DSpace/linux_a64/docs/javaserver/CATSmmCntrReqIF.jar:/3DS/R2020x/app/3DSpace/linux_a64/docs/javaserver/ENOUIInstaller.jar:/3DS/R2020x/app/3DSpace/linux_a64/docs/javaserver/CATRgnJSEVConnector.jar:/3DS/R2020x/app/3DSpace/linux_a64/docs/javaserver/BookmarkJPO.jar:/3DS/R2020x/app/3DSpace/linux_a64/docs/javaserver/ENONewContentCATIAV5.jar:/3DS/R2020x/app/3DSpace/linux_a64/docs/javaserver/defectmanagement.jar:/3DS/R2020x/app/3DSpace/linux_a64/docs/javaserver/i3DXTagCrawlingServices.jar:/3DS/R2020x/app/3DSpace/linux_a64/docs/javaserver/BlockV5CoexRepCloningJPO.jar:/3DS/R2020x/app/3DSpace/linux_a64/docs/javaserver/EVPParam.jar:/3DS/R2020x/app/3DSpace/linux_a64/docs/javaserver/DELJCommonServicesNavJPO.jar:/3DS/R2020x/app/3DSpace/linux_a64/docs/javaserver/CATFLModelerWebServices.jar:/3DS/R2020x/app/3DSpace/linux_a64/docs/javaserver/ENOWorkCalendar.jar:/3DS/R2020x/app/3DSpace/linux_a64/docs/javaserver/PLMJCoreAccess.jar:/3DS/R2020x/app/3DSpace/linux_a64/docs/javaserver/i3DXCASAuthenticationHandler.jar:/3DS/R2020x/app/3DSpace/linux_a64/docs/javaserver/VPLMJBehSysDataMigration.jar:/3DS/R2020x/app/3DSpace/linux_a64/docs/javaserver/i3DxMdResourceAuth.jar:/3DS/R2020x/app/3DSpace/linux_a64/docs/javaserver/ENONCRKernel.jar:/3DS/R2020x/app/3DSpace/linux_a64/docs/javaserver/ENOPSUCommonServicesUtility.jar:/3DS/R2020x/app/3DSpace/linux_a64/docs/javaserver/VPLMAdminWebServices.jar:/3DS/R2020x/app/3DSpace/linux_a64/docs/javaserver/ENOCorpusRESTProcessor3DSpace.jar:/3DS/R2020x/app/3DSpace/linux_a64/docs/javaserver/CATTraCntrScope.jar:/3DS/R2020x/app/3DSpace/linux_a64/docs/javaserver/ENONewContentAUTOCAD.jar:/3DS/R2020x/app/3DSpace/linux_a64/docs/javaserver/XPGDataCheckerInfra.jar:/3DS/R2020x/app/3DSpace/linux_a64/docs/javaserver/documentcommon.jar:/3DS/R2020x/app/3DSpace/linux_a64/docs/javaserver/PLMJConfigServices.jar:/3DS/R2020x/app/3DSpace/linux_a64/docs/javaserver/VPLMJFctProcessAdvNav.jar:/3DS/R2020x/app/3DSpace/linux_a64/docs/javaserver/MxMCADServlets.jar:/3DS/R2020x/app/3DSpace/linux_a64/docs/javaserver/i3DXBOMPnOServices.jar:/3DS/R2020x/app/3DSpace/linux_a64/docs/javaserver/dsengER.jar:/3DS/R2020x/app/3DSpace/linux_a64/docs/javaserver/LCParam.jar:/3DS/R2020x/app/3DSpace/linux_a64/docs/javaserver/DMCResources.jar:/3DS/R2020x/app/3DSpace/linux_a64/docs/javaserver/CATSmmCntrRtc.jar:/3DS/R2020x/app/3DSpace/linux_a64/docs/javaserver/VPLMJModelerBaseAuthoringItf.jar:/3DS/R2020x/app/3DSpace/linux_a64/docs/javaserver/ENOQuestionaire.jar:/3DS/R2020x/app/3DSpace/linux_a64/docs/javaserver/CATFstGarbaging.jar:/3DS/R2020x/app/3DSpace/linux_a64/docs/javaserver/VPLMJXCADMBAuthoringItf.jar:/3DS/R2020x/app/3DSpace/linux_a64/docs/javaserver/VPLMJXCADECJPO.jar:/3DS/R2020x/app/3DSpace/linux_a64/docs/javaserver/VPLMJCommonBase.jar:/3DS/R2020x/app/3DSpace/linux_a64/docs/javaserver/DerivedObjectViaMessaging.jar:/3DS/R2020x/app/3DSpace/linux_a64/docs/javaserver/ENOPSUAuthoringServicesImplementation.jar:/3DS/R2020x/app/3DSpace/linux_a64/docs/javaserver/ENOCloudUsage.jar:/3DS/R2020x/app/3DSpace/linux_a64/docs/javaserver/CATRgnJRequirementConnector.jar:/3DS/R2020x/app/3DSpace/linux_a64/docs/javaserver/IMBOMAlternateRelAuthNavImpl.jar:/3DS/R2020x/app/3DSpace/linux_a64/docs/javaserver/ENOXEROpenAPI.jar:/3DS/R2020x/app/3DSpace/linux_a64/docs/javaserver/VPLMPosMaskGenerator.jar:/3DS/R2020x/app/3DSpace/linux_a64/docs/javaserver/program.jar:/3DS/R2020x/app/3DSpace/linux_a64/docs/javaserver/PLMJSystemModeler.jar:/3DS/R2020x/app/3DSpace/linux_a64/docs/javaserver/dmcplanning.jar:/3DS/R2020x/app/3DSpace/linux_a64/docs/javaserver/VPLMPosUserSynchroWS.jar:/3DS/R2020x/app/3DSpace/linux_a64/docs/javaserver/VPLMJMaterialCleaningRules.jar:/3DS/R2020x/app/3DSpace/linux_a64/docs/javaserver/i3dxMdMfgResponsibility.jar:/3DS/R2020x/app/3DSpace/linux_a64/docs/javaserver/ENODataImportBaseService.jar:/3DS/R2020x/app/3DSpace/linux_a64/docs/javaserver/VPLMJProductCleaningJPOs.jar:/3DS/R2020x/app/3DSpace/linux_a64/docs/javaserver/VPLMJXCADECNav.jar:/3DS/R2020x/app/3DSpace/linux_a64/docs/javaserver/i3DxMdMBOMCapableResourceNavImpl.jar:/3DS/R2020x/app/3DSpace/linux_a64/docs/javaserver/i3DxMdProcessHistorizationLink.jar:/3DS/R2020x/app/3DSpace/linux_a64/docs/javaserver/ENOXEnhancerServices.jar:/3DS/R2020x/app/3DSpace/linux_a64/docs/javaserver/CATSmmCntrRFLXML.jar:/3DS/R2020x/app/3DSpace/linux_a64/docs/javaserver/ENOPADXServices.jar:/3DS/R2020x/app/3DSpace/linux_a64/docs/javaserver/johnzon-websocket.jar:/3DS/R2020x/app/3DSpace/linux_a64/docs/javaserver/i3DXInstallDiagnosisMain.jar:/3DS/R2020x/app/3DSpace/linux_a64/docs/javaserver/CATFstMCXMigrationBatch.jar:/3DS/R2020x/app/3DSpace/linux_a64/docs/javaserver/VPLMJDraftingAuthoringItf.jar:/3DS/R2020x/app/3DSpace/linux_a64/docs/javaserver/xgutils.jar:/3DS/R2020x/app/3DSpace/linux_a64/docs/javaserver/VPLMJSystemNavJPO.jar:/3DS/R2020x/app/3DSpace/linux_a64/docs/javaserver/jsoup.jar:/3DS/R2020x/app/3DSpace/linux_a64/docs/javaserver/dslcER.jar:/3DS/R2020x/app/3DSpace/linux_a64/docs/javaserver/CATRgnJConnectorConfiguration.jar:/3DS/R2020x/app/3DSpace/linux_a64/docs/javaserver/ENOVersionningCore.jar:/3DS/R2020x/app/3DSpace/linux_a64/docs/javaserver/dspassport-cas-client.jar:/3DS/R2020x/app/3DSpace/linux_a64/docs/javaserver/CATSmmCntrEnovia.jar:/3DS/R2020x/app/3DSpace/linux_a64/docs/javaserver/NLSCreator.jar:/3DS/R2020x/app/3DSpace/linux_a64/docs/javaserver/VPLMJWebNavTools.jar:/3DS/R2020x/app/3DSpace/linux_a64/docs/javaserver/ENOAuditBaseKernel.jar:/3DS/R2020x/app/3DSpace/linux_a64/docs/javaserver/ENOValidationServerNav.jar:/3DS/R2020x/app/3DSpace/linux_a64/docs/javaserver/ENONGFoundation.jar:/3DS/R2020x/app/3DSpace/linux_a64/docs/javaserver/VPLMTEServices.jar:/3DS/R2020x/app/3DSpace/linux_a64/docs/javaserver/PLMJLifeCycleModeler.jar:/3DS/R2020x/app/3DSpace/linux_a64/docs/javaserver/CATTraPatterns.jar:/3DS/R2020x/app/3DSpace/linux_a64/docs/javaserver/CATSmmServer.jar:/3DS/R2020x/app/3DSpace/linux_a64/docs/javaserver/StrRefinementServices.jar:/3DS/R2020x/app/3DSpace/linux_a64/docs/javaserver/PLMJExpressionRepairTools.jar:/3DS/R2020x/app/3DSpace/linux_a64/docs/javaserver/manufacturerequivalentpart.jar:/3DS/R2020x/app/3DSpace/linux_a64/docs/javaserver/commons-lang-2.6.jar:/3DS/R2020x/app/3DSpace/linux_a64/docs/javaserver/plmprovider.jar:/3DS/R2020x/app/3DSpace/linux_a64/docs/javaserver/xmpbox-2.0.24.jar:/3DS/R2020x/app/3DSpace/linux_a64/docs/javaserver/base64Decode.jar:/3DS/R2020x/app/3DSpace/linux_a64/docs/javaserver/CompletionServicesJPO.jar:/3DS/R2020x/app/3DSpace/linux_a64/docs/javaserver/AppsMngtWebServices.jar:/3DS/R2020x/app/3DSpace/linux_a64/docs/javaserver/dsenoER_V1.jar:/3DS/R2020x/app/3DSpace/linux_a64/docs/javaserver/PLMPIMModelServerCompletion.jar:/3DS/R2020x/app/3DSpace/linux_a64/docs/javaserver/aspose-pdf.jar:/3DS/R2020x/app/3DSpace/linux_a64/docs/javaserver/APIShared.jar:/3DS/R2020x/app/3DSpace/linux_a64/docs/javaserver/VPLMJProductionSystemAuthoringItf.jar:/3DS/R2020x/app/3DSpace/linux_a64/docs/javaserver/ENONewContentIRPCModeler.jar:/3DS/R2020x/app/3DSpace/linux_a64/docs/javaserver/i3DXPnOGroupServices.jar:/3DS/R2020x/app/3DSpace/linux_a64/docs/javaserver/ENO6WWorkspace.jar:/3DS/R2020x/app/3DSpace/linux_a64/docs/javaserver/i3DXTag.jar:/3DS/R2020x/app/3DSpace/linux_a64/docs/javaserver/StrRefinementAPI.jar:/3DS/R2020x/app/3DSpace/linux_a64/docs/javaserver/configurator.jar:/3DS/R2020x/app/3DSpace/linux_a64/docs/javaserver/CATSmmCntrArtisan.jar:/3DS/R2020x/app/3DSpace/linux_a64/docs/javaserver/ENOProcessStepsReferentialServices.jar:/3DS/R2020x/app/3DSpace/linux_a64/docs/javaserver/VPLMJConfigAuthoringImpl.jar:/3DS/R2020x/app/3DSpace/linux_a64/docs/javaserver/VPLMPosMigrate.jar:/3DS/R2020x/app/3DSpace/linux_a64/docs/javaserver/ENO6WDocumentManagement.jar:/3DS/R2020x/app/3DSpace/linux_a64/docs/javaserver/VPLMWebMgtItf.jar:/3DS/R2020x/app/3DSpace/linux_a64/docs/javaserver/PLMJChangeActionWebServices.jar:/3DS/R2020x/app/3DSpace/linux_a64/docs/javaserver/classification.jar:/3DS/R2020x/app/3DSpace/linux_a64/docs/javaserver/PLMJConfigWebServices.jar:/3DS/R2020x/app/3DSpace/linux_a64/docs/javaserver/CATSmmReqtifyCommon.jar:/3DS/R2020x/app/3DSpace/linux_a64/docs/javaserver/i3DxPrcsMBOMOrPrdOutputCnxAuthNavItf.jar:/3DS/R2020x/app/3DSpace/linux_a64/docs/javaserver/i3DXCustoAdapter.jar:/3DS/R2020x/app/3DSpace/linux_a64/docs/javaserver/VPLMJLogicalAuthoring.jar:/3DS/R2020x/app/3DSpace/linux_a64/docs/javaserver/CATRgnJSnapshotConnector.jar:/3DS/R2020x/app/3DSpace/linux_a64/docs/javaserver/FCSSyncServer.jar:/3DS/R2020x/app/3DSpace/linux_a64/docs/javaserver/CAT3DNotesMarkup.jar:/3DS/R2020x/app/3DSpace/linux_a64/docs/javaserver/ENOECHMIGJPO.jar:/3DS/R2020x/app/3DSpace/linux_a64/docs/javaserver/CATRgnJReportNavJPO.jar:/3DS/R2020x/app/3DSpace/linux_a64/docs/javaserver/i3DXLightWebcore.jar:/3DS/R2020x/app/3DSpace/linux_a64/docs/javaserver/XPDMEnabledRule.jar:/3DS/R2020x/app/3DSpace/linux_a64/docs/javaserver/CATJDoelanParsers.jar:/3DS/R2020x/app/3DSpace/linux_a64/docs/javaserver/PartManagement.jar:/3DS/R2020x/app/3DSpace/linux_a64/docs/javaserver/VPLMJImplementLinkEKLNav.jar:/3DS/R2020x/app/3DSpace/linux_a64/docs/javaserver/htmlcleaner-2.13.jar:/3DS/R2020x/app/3DSpace/linux_a64/docs/javaserver/JConfiguratorModeler.jar:/3DS/R2020x/app/3DSpace/linux_a64/docs/javaserver/ENOIPProtectionClassificationCloudJPO.jar:/3DS/R2020x/app/3DSpace/linux_a64/docs/javaserver/jackson-annotations.jar:/3DS/R2020x/app/3DSpace/linux_a64/docs/javaserver/jaxb-api.jar:/3DS/R2020x/app/3DSpace/linux_a64/docs/javaserver/CATSmmCntrEnoviaRequirementCentral.jar:/3DS/R2020x/app/3DSpace/linux_a64/docs/javaserver/ENOComplaintBaseKernel.jar:/3DS/R2020x/app/3DSpace/linux_a64/docs/javaserver/RDFModificationsReceiver.jar:/3DS/R2020x/app/3DSpace/linux_a64/docs/javaserver/CFFModelerImpl.jar:/3DS/R2020x/app/3DSpace/linux_a64/docs/javaserver/AppsMngtJavaServicesSupport.jar:/3DS/R2020x/app/3DSpace/linux_a64/docs/javaserver/ENOLCMCompareEngine.jar:/3DS/R2020x/app/3DSpace/linux_a64/docs/javaserver/ENOLCMIterationWebServices.jar:/3DS/R2020x/app/3DSpace/linux_a64/docs/javaserver/X3DENOCommonModelItf.jar:/3DS/R2020x/app/3DSpace/linux_a64/docs/javaserver/V5CDataMigration.jar:/3DS/R2020x/app/3DSpace/linux_a64/docs/javaserver/CATRgnJRFLPLMFunctionalConnector.jar:/3DS/R2020x/app/3DSpace/linux_a64/docs/javaserver/ENOOSLCIssueProviderService.jar:/3DS/R2020x/app/3DSpace/linux_a64/docs/javaserver/ENXSBGridServices.jar:/3DS/R2020x/app/3DSpace/linux_a64/docs/javaserver/CATSmmAccessIRPC.jar:/3DS/R2020x/app/3DSpace/linux_a64/docs/javaserver/DerivedObjectViaMessaging_M1.jar:/3DS/R2020x/app/3DSpace/linux_a64/docs/javaserver/VPLMJConfigNavImpl.jar:/3DS/R2020x/app/3DSpace/linux_a64/docs/javaserver/ENODECCreateImpl.jar:/3DS/R2020x/app/3DSpace/linux_a64/docs/javaserver/dslcER_V1.jar:/3DS/R2020x/app/3DSpace/linux_a64/docs/javaserver/ENOSnapshotBaseServices.jar:/3DS/R2020x/app/3DSpace/linux_a64/docs/javaserver/VPLMXPParamJPO.jar:/3DS/R2020x/app/3DSpace/linux_a64/docs/javaserver/VPLMJChangeCollaboration.jar:/3DS/R2020x/app/3DSpace/linux_a64/docs/javaserver/PLMJConfigEntityImpl.jar:/3DS/R2020x/app/3DSpace/linux_a64/docs/javaserver/CATRgnJRFLVPMLogicalConnector.jar:/3DS/R2020x/app/3DSpace/linux_a64/docs/javaserver/VPLMJConfigCommonModeler.jar:/3DS/R2020x/app/3DSpace/linux_a64/docs/javaserver/enoviaKernelExt.jar:/3DS/R2020x/app/3DSpace/linux_a64/docs/javaserver/i3DXCore.jar:/3DS/R2020x/app/3DSpace/linux_a64/docs/javaserver/consolidation_server_rule_processor.jar:/3DS/R2020x/app/3DSpace/linux_a64/docs/javaserver/VPLMJConfigNavEKLExposition.jar:/3DS/R2020x/app/3DSpace/linux_a64/docs/javaserver/ENOSysJarStarter.jar:/3DS/R2020x/app/3DSpace/linux_a64/docs/javaserver/reqwebservices.jar:/3DS/R2020x/app/3DSpace/linux_a64/docs/javaserver/ENOEnterpriseChangeMdlJPO.jar:/3DS/R2020x/app/3DSpace/linux_a64/docs/javaserver/PLMJConfigExposedAPIs.jar:/3DS/R2020x/app/3DSpace/linux_a64/docs/javaserver/AppsMngtJavaServices.jar:/3DS/R2020x/app/3DSpace/linux_a64/docs/javaserver/VPLMJConfigNavItf.jar:/3DS/R2020x/app/3DSpace/linux_a64/docs/javaserver/ENODECLifeCycleImpl.jar:/3DS/R2020x/app/3DSpace/linux_a64/docs/javaserver/i3DxMdResourceMgtItf.jar:/3DS/R2020x/app/3DSpace/linux_a64/docs/javaserver/ENODECAPI.jar:/3DS/R2020x/app/3DSpace/linux_a64/docs/javaserver/plmproviderrestservices.jar:/3DS/R2020x/app/3DSpace/linux_a64/docs/javaserver/VPLMJFctProcessAuthoringItf.jar:/3DS/R2020x/app/3DSpace/linux_a64/docs/javaserver/ENXSBRMBMenuServices.jar:/3DS/R2020x/app/3DSpace/linux_a64/docs/javaserver/CfgDictionaryMdl.jar:/3DS/R2020x/app/3DSpace/linux_a64/docs/javaserver/OperationsAgentConsumer.jar:/3DS/R2020x/app/3DSpace/linux_a64/docs/javaserver/VPLMJFctProcessAdvAuthItf.jar:/3DS/R2020x/app/3DSpace/linux_a64/docs/javaserver/PLMConfigEngineServicesItf.jar:/3DS/R2020x/app/3DSpace/linux_a64/docs/javaserver/ENOVIASharePointConnector.jar:/3DS/R2020x/app/3DSpace/linux_a64/docs/javaserver/batik-all-1.9.jar:/3DS/R2020x/app/3DSpace/linux_a64/docs/javaserver/StrictExtPubAccess.jar:/3DS/R2020x/app/3DSpace/linux_a64/docs/javaserver/CloudProviderAbstraction.jar:/3DS/R2020x/app/3DSpace/linux_a64/docs/javaserver/VPLMPosRscEKLImpl.jar:/3DS/R2020x/app/3DSpace/linux_a64/docs/javaserver/IPLMDictionaryAuthorUpdater.jar:/3DS/R2020x/app/3DSpace/linux_a64/docs/javaserver/VPLMBatchIteration.jar:/3DS/R2020x/app/3DSpace/linux_a64/docs/javaserver/AppsMngtCloudRunTools.jar:/3DS/R2020x/app/3DSpace/linux_a64/docs/javaserver/VPLMJFunctionalAuthoring.jar:/3DS/R2020x/app/3DSpace/linux_a64/docs/javaserver/ENOValidationServerCompletion.jar:/3DS/R2020x/app/3DSpace/linux_a64/docs/javaserver/i3DxMdDataCollectPlan.jar:/3DS/R2020x/app/3DSpace/linux_a64/docs/javaserver/VPLMJProductAuthoring.jar:/3DS/R2020x/app/3DSpace/linux_a64/docs/javaserver/VPLMJFctProcessNavItf.jar:/3DS/R2020x/app/3DSpace/linux_a64/docs/javaserver/com.lowagie.text_2.1.7.v201004222200.jar:/3DS/R2020x/app/3DSpace/linux_a64/docs/javaserver/VPLMJConfigNavModel.jar:/3DS/R2020x/app/3DSpace/linux_a64/docs/javaserver/JRDFValidator.jar:/3DS/R2020x/app/3DSpace/linux_a64/docs/javaserver/ENO6WRouteMgmt.jar:/3DS/R2020x/app/3DSpace/linux_a64/docs/javaserver/commons-csv-1.7.jar:/3DS/R2020x/app/3DSpace/linux_a64/docs/javaserver/ENOVersionningWebServices.jar:/3DS/R2020x/app/3DSpace/linux_a64/docs/javaserver/jackson-jaxrs-json-provider.jar:/3DS/R2020x/app/3DSpace/linux_a64/docs/javaserver/StrictOwnership.jar:/3DS/R2020x/app/3DSpace/linux_a64/docs/javaserver/msfSharePointRegister.jar:/3DS/R2020x/app/3DSpace/linux_a64/docs/javaserver/VPLMJXCADAuthoring.jar:/3DS/R2020x/app/3DSpace/linux_a64/docs/javaserver/ENOChangeRequestAddonsKernel.jar:/3DS/R2020x/app/3DSpace/linux_a64/docs/javaserver/ENODOJobWebServices.jar:/3DS/R2020x/app/3DSpace/linux_a64/docs/javaserver/XPGEventHandlers.jar:/3DS/R2020x/app/3DSpace/linux_a64/docs/javaserver/FcsClient_j7u45.jar:/3DS/R2020x/app/3DSpace/linux_a64/docs/javaserver/DELWebPPRLifecycleServices.jar:/3DS/R2020x/app/3DSpace/linux_a64/docs/javaserver/SecurityTokenManagement.jar:/3DS/R2020x/app/3DSpace/linux_a64/docs/javaserver/VPLMJProductNavUI.jar:/3DS/R2020x/app/3DSpace/linux_a64/docs/javaserver/VPLMDataMigration.jar:/3DS/R2020x/app/3DSpace/linux_a64/docs/javaserver/ENOMonitorWatchdogGlobbing.jar:/3DS/R2020x/app/3DSpace/linux_a64/docs/javaserver/GenericSuggestServlet.jar:/3DS/R2020x/app/3DSpace/linux_a64/docs/javaserver/ReqtifyRESTConnectorVPM.jar:/3DS/R2020x/app/3DSpace/linux_a64/docs/javaserver/i3DXBOMPnOWebServices.jar:/3DS/R2020x/app/3DSpace/linux_a64/docs/javaserver/VPLMJPPRPortMigration.jar:/3DS/R2020x/app/3DSpace/linux_a64/docs/javaserver/VPLMMultiStore.jar:/3DS/R2020x/app/3DSpace/linux_a64/docs/javaserver/M1SidlServlet.jar:/3DS/R2020x/app/3DSpace/linux_a64/docs/javaserver/PLMJCommonModeler.jar:/3DS/R2020x/app/3DSpace/linux_a64/docs/javaserver/StrictLocking.jar:/3DS/R2020x/app/3DSpace/linux_a64/docs/javaserver/CATFstCompletionServicesBase.jar:/3DS/R2020x/app/3DSpace/linux_a64/docs/javaserver/DELJPPRCompletionServices.jar:/3DS/R2020x/app/3DSpace/linux_a64/docs/javaserver/CATFstServerMigration.jar:/3DS/R2020x/app/3DSpace/linux_a64/docs/javaserver/common.jar:/3DS/R2020x/app/3DSpace/linux_a64/docs/javaserver/CATFstServerServices.jar:/3DS/R2020x/app/3DSpace/linux_a64/docs/javaserver/ENOVersioningItf.jar:/3DS/R2020x/app/3DSpace/linux_a64/docs/javaserver/VPLMJProductionSystemNav.jar:/3DS/R2020x/app/3DSpace/linux_a64/docs/javaserver/JKwePRM.jar:/3DS/R2020x/app/3DSpace/linux_a64/docs/javaserver/semiteamcollab.jar:/3DS/R2020x/app/3DSpace/linux_a64/docs/javaserver/JOntOWLReasoner.jar:/3DS/R2020x/app/3DSpace/linux_a64/docs/javaserver/AppsMngtMassSynchro.jar:/3DS/R2020x/app/3DSpace/linux_a64/docs/javaserver/CATSmmCntrProductStructure.jar:/3DS/R2020x/app/3DSpace/linux_a64/docs/javaserver/XPDMDataCheckerRule.jar:/3DS/R2020x/app/3DSpace/linux_a64/docs/javaserver/dspassport-cas-client-proxy-filter-ignite.jar:/3DS/R2020x/app/3DSpace/linux_a64/docs/javaserver/ENOXERRestServices.jar:/3DS/R2020x/app/3DSpace/linux_a64/docs/javaserver/ENOCorpusRESTProcessor.jar:/3DS/R2020x/app/3DSpace/linux_a64/docs/javaserver/VPLMJLogicalAuthoringItf.jar:/3DS/R2020x/app/3DSpace/linux_a64/docs/javaserver/PIMwebModelWebServices.jar:/3DS/R2020x/app/3DSpace/linux_a64/docs/javaserver/VPLMJProductEditorJPO.jar:/3DS/R2020x/app/3DSpace/linux_a64/docs/javaserver/StrictVersioning.jar:/3DS/R2020x/app/3DSpace/linux_a64/docs/javaserver/ENOXAuthoringServicesItfUtility.jar:/3DS/R2020x/app/3DSpace/linux_a64/docs/javaserver/APIRestImpl.jar:/3DS/R2020x/app/3DSpace/linux_a64/docs/javaserver/JParameterInterfaces.jar:/3DS/R2020x/app/3DSpace/linux_a64/docs/javaserver/VPLMCoreInterfaces.jar:/3DS/R2020x/app/3DSpace/linux_a64/docs/javaserver/cloudview_search_provider.jar:/3DS/R2020x/app/3DSpace/linux_a64/docs/javaserver/CATRgnJDocumentConnector.jar:/3DS/R2020x/app/3DSpace/linux_a64/docs/javaserver/iefcomponents.jar:/3DS/R2020x/app/3DSpace/linux_a64/docs/javaserver/ENODerivedFormatJPO.jar:/3DS/R2020x/app/3DSpace/linux_a64/docs/javaserver/vplmintegrationimpl.jar:/3DS/R2020x/app/3DSpace/linux_a64/docs/javaserver/ConfigParser.jar:/3DS/R2020x/app/3DSpace/linux_a64/docs/javaserver/CATSmmCntrRhapsody.jar:/3DS/R2020x/app/3DSpace/linux_a64/docs/javaserver/PLMDictionaryProto.jar:/3DS/R2020x/app/3DSpace/linux_a64/docs/javaserver/CATSmmCntrEnoviaChangeManagement.jar:/3DS/R2020x/app/3DSpace/linux_a64/docs/javaserver/PLMDictionary.jar:/3DS/R2020x/app/3DSpace/linux_a64/docs/javaserver/JOntRDFXMLConnector.jar:/3DS/R2020x/app/3DSpace/linux_a64/docs/javaserver/i3DXPnOWebServices.jar:/3DS/R2020x/app/3DSpace/linux_a64/docs/javaserver/xmlgraphics-commons-2.2.jar:/3DS/R2020x/app/3DSpace/linux_a64/docs/javaserver/VPLMPosExport.jar:/3DS/R2020x/app/3DSpace/linux_a64/docs/javaserver/requirements.jar:/3DS/R2020x/app/3DSpace/linux_a64/docs/javaserver/VPLMJImplementLinkNavItf.jar:/3DS/R2020x/app/3DSpace/linux_a64/docs/javaserver/ENOChangeRequestAddonsServices.jar:/3DS/R2020x/app/3DSpace/linux_a64/docs/javaserver/i3DxMdLinksIndexServices.jar:/3DS/R2020x/app/3DSpace/linux_a64/docs/javaserver/DMCMigration.jar:/3DS/R2020x/app/3DSpace/linux_a64/docs/javaserver/JRDFTurtleParser.jar:/3DS/R2020x/app/3DSpace/linux_a64/docs/javaserver/VPLMJMaterialNav.jar:/3DS/R2020x/app/3DSpace/linux_a64/docs/javaserver/SNSavedSearchMigration.jar:/3DS/R2020x/app/3DSpace/linux_a64/docs/javaserver/PLMJActionModeler.jar:/3DS/R2020x/app/3DSpace/linux_a64/docs/javaserver/m1mapping.jar:/3DS/R2020x/app/3DSpace/linux_a64/docs/javaserver/plmAttributesPropertiesImpl.jar:/3DS/R2020x/app/3DSpace/linux_a64/docs/javaserver/IPLMRuleEditorJPO.jar:/3DS/R2020x/app/3DSpace/linux_a64/docs/javaserver/TeamQuery.jar:/3DS/R2020x/app/3DSpace/linux_a64/docs/javaserver/eno6wframework.jar:/3DS/R2020x/app/3DSpace/linux_a64/docs/javaserver/ContentCommonUtilities.jar:/3DS/R2020x/app/3DSpace/linux_a64/docs/javaserver/xml-apis-1.3.04.jar:/3DS/R2020x/app/3DSpace/linux_a64/docs/javaserver/ENOCAPABaseServices.jar:/3DS/R2020x/app/3DSpace/linux_a64/docs/javaserver/jena-rdfconnection-3.6.0.jar:/3DS/R2020x/app/3DSpace/linux_a64/docs/javaserver/CATRgnJReportNav.jar:/3DS/R2020x/app/3DSpace/linux_a64/docs/javaserver/JVocabularyInterfaces.jar:/3DS/R2020x/app/3DSpace/linux_a64/docs/javaserver/PLMJChangeActionDictionaryServices.jar:/3DS/R2020x/app/3DSpace/linux_a64/docs/javaserver/ENOPADInterfaces.jar:/3DS/R2020x/app/3DSpace/linux_a64/docs/javaserver/ENODerivedOutputStreamWebServices.jar:/3DS/R2020x/app/3DSpace/linux_a64/docs/javaserver/VPLMJCheckerIntraDagPPRLink.jar:/3DS/R2020x/app/3DSpace/linux_a64/docs/javaserver/CloudOutput.jar:/3DS/R2020x/app/3DSpace/linux_a64/docs/javaserver/aspose-cells-21.9.jar:/3DS/R2020x/app/3DSpace/linux_a64/docs/javaserver/i3DXMdAllocatedResourceAuthNav.jar:/3DS/R2020x/app/3DSpace/linux_a64/docs/javaserver/CATSmmCntrSourceCode.jar:/3DS/R2020x/app/3DSpace/linux_a64/docs/javaserver/PLMCoreDataChecker.jar:/3DS/R2020x/app/3DSpace/linux_a64/docs/javaserver/VPLMCoreServices.jar:/3DS/R2020x/app/3DSpace/linux_a64/docs/javaserver/PLMJDMTModeler.jar:/3DS/R2020x/app/3DSpace/linux_a64/docs/javaserver/CATSmmEnoviaAccessIrpc.jar:/3DS/R2020x/app/3DSpace/linux_a64/docs/javaserver/restframework.jar:/3DS/R2020x/app/3DSpace/linux_a64/docs/javaserver/i3DxMdProcessManagementItf.jar:/3DS/R2020x/app/3DSpace/linux_a64/docs/javaserver/pdfbox-2.0.24.jar:/3DS/R2020x/app/3DSpace/linux_a64/docs/javaserver/ENOSysOptionParsing.jar:/3DS/R2020x/app/3DSpace/linux_a64/docs/javaserver/BlendingTable.jar:/3DS/R2020x/app/3DSpace/linux_a64/docs/javaserver/VPLMJXCADAuthoringItf.jar:/3DS/R2020x/app/3DSpace/linux_a64/docs/javaserver/APIClient.jar:/3DS/R2020x/app/3DSpace/linux_a64/docs/javaserver/ENOSysServerInfra.jar:/3DS/R2020x/app/3DSpace/linux_a64/docs/javaserver/CATTraCntrPatterns.jar:/3DS/R2020x/app/3DSpace/linux_a64/docs/javaserver/IPLMDictionaryAuthorUI.jar:/3DS/R2020x/app/3DSpace/linux_a64/docs/javaserver/ECMaddons.jar:/3DS/R2020x/app/3DSpace/linux_a64/docs/javaserver/SiteAffix.jar:/3DS/R2020x/app/3DSpace/linux_a64/docs/javaserver/fop.jar:/3DS/R2020x/app/3DSpace/linux_a64/docs/javaserver/PLMSecurity.jar:/3DS/R2020x/app/3DSpace/linux_a64/docs/javaserver/i3DxMdProcessImplLink.jar:/3DS/R2020x/app/3DSpace/linux_a64/docs/javaserver/dssrcER.jar:/3DS/R2020x/app/3DSpace/linux_a64/docs/javaserver/JParameterUI.jar:/3DS/R2020x/app/3DSpace/linux_a64/docs/javaserver/ENOECMProcessStepsServices.jar:/3DS/R2020x/app/3DSpace/linux_a64/docs/javaserver/CATSmmCntrZip.jar:/3DS/R2020x/app/3DSpace/linux_a64/docs/javaserver/jena-dboe-trans-data-3.6.0.jar:/3DS/R2020x/app/3DSpace/linux_a64/docs/javaserver/VPLMJCollabParameterization.jar:/3DS/R2020x/app/3DSpace/linux_a64/docs/javaserver/imgscalr-4.2.jar:/3DS/R2020x/app/3DSpace/linux_a64/docs/javaserver/PLMConfigEngineServicesImpl.jar:/3DS/R2020x/app/3DSpace/linux_a64/docs/javaserver/commons-net.jar:/3DS/R2020x/app/3DSpace/linux_a64/docs/javaserver/ENOXENLifecycleExtensionServices.jar:/3DS/R2020x/app/3DSpace/linux_a64/docs/javaserver/i3DXWarmup.jar:/3DS/R2020x/app/3DSpace/linux_a64/docs/javaserver/dsengER_V1.jar:/3DS/R2020x/app/3DSpace/linux_a64/docs/javaserver/PLMSecurityTest.jar:/3DS/R2020x/app/3DSpace/linux_a64/docs/javaserver/CATSmmCntrModelica.jar:/3DS/R2020x/app/3DSpace/linux_a64/docs/javaserver/CATSmmCntrDoors.jar:/3DS/R2020x/app/3DSpace/linux_a64/docs/javaserver/VPLMJProductAuthoringItf.jar:/3DS/R2020x/app/3DSpace/linux_a64/docs/javaserver/VPLMXPParamAppli.jar:/3DS/R2020x/app/3DSpace/linux_a64/docs/javaserver/ENORelNavFavorite.jar:/3DS/R2020x/app/3DSpace/linux_a64/docs/javaserver/PLMJSessionModeler.jar:/3DS/R2020x/app/3DSpace/linux_a64/docs/javaserver/AppsMngtJPOs.jar:/3DS/R2020x/app/3DSpace/linux_a64/docs/javaserver/JNewTypingJPO.jar:/3DS/R2020x/app/3DSpace/linux_a64/docs/javaserver/VPLMJPPRBaseDuplicate.jar:/3DS/R2020x/app/3DSpace/linux_a64/docs/javaserver/VPLMJPublicDictionaryItf.jar:/3DS/R2020x/app/3DSpace/linux_a64/docs/javaserver/REQModeler.jar:/3DS/R2020x/app/3DSpace/linux_a64/docs/javaserver/ENOECMProcessStepsKernel.jar:/3DS/R2020x/app/3DSpace/linux_a64/docs/javaserver/i3DXServiceServlet.jar:/3DS/R2020x/app/3DSpace/linux_a64/docs/javaserver/effectivity.jar:/3DS/R2020x/app/3DSpace/linux_a64/docs/javaserver/AppsMngtMQLDriver.jar:/3DS/R2020x/app/3DSpace/linux_a64/docs/javaserver/CompletionServicesBase.jar:/3DS/R2020x/app/3DSpace/linux_a64/docs/javaserver/ENOMeetingService.jar:/3DS/R2020x/app/3DSpace/linux_a64/docs/javaserver/CATEEWDataMigration.jar:/3DS/R2020x/app/3DSpace/linux_a64/docs/javaserver/CATSmmTransformationService.jar:/3DS/R2020x/app/3DSpace/linux_a64/docs/javaserver/VPLMJImplementLinkAuthoringItf.jar:/3DS/R2020x/app/3DSpace/linux_a64/docs/javaserver/VPLMJRestrictedDictionaryItf.jar:/3DS/R2020x/app/3DSpace/linux_a64/docs/javaserver/CATSmmEnoviaPersistency.jar:/3DS/R2020x/app/3DSpace/linux_a64/docs/javaserver/jena-permissions-3.6.0.jar:/3DS/R2020x/app/3DSpace/linux_a64/docs/javaserver/ENO6WFoundation.jar:/3DS/R2020x/app/3DSpace/linux_a64/docs/javaserver/XPGVPMEventUtil.jar:/3DS/R2020x/app/3DSpace/linux_a64/docs/javaserver/CATSmmEnoviaClient.jar:/3DS/R2020x/app/3DSpace/linux_a64/docs/javaserver/i3DXMQLEngine.jar:/3DS/R2020x/app/3DSpace/linux_a64/docs/javaserver/ENOXProcessEnoviaAdaptor.jar:/3DS/R2020x/app/3DSpace/linux_a64/docs/javaserver/ENOXParamWebServices.jar:/3DS/R2020x/app/3DSpace/linux_a64/docs/javaserver/JOntGenItf.jar:/3DS/R2020x/app/3DSpace/linux_a64/docs/javaserver/VPLMJDataCollectMigration.jar:/3DS/R2020x/app/3DSpace/linux_a64/docs/javaserver/VPLMJCheckers.jar:/3DS/R2020x/app/3DSpace/linux_a64/docs/javaserver/DELJCommonServicesAuthoring.jar:/3DS/R2020x/app/3DSpace/linux_a64/docs/javaserver/derivedObjectsNoPreqs_legacy.jar:/3DS/R2020x/app/3DSpace/linux_a64/docs/javaserver/ENODerivedOutputEntityWebServices.jar:/3DS/R2020x/app/3DSpace/linux_a64/docs/javaserver/DELJPPRRestWebServicesCommon.jar:/3DS/R2020x/app/3DSpace/linux_a64/docs/javaserver/CATRgnJFProcessConnector.jar:/3DS/R2020x/app/3DSpace/linux_a64/docs/javaserver/CATSmmCntrDoorsNG.jar:/3DS/R2020x/app/3DSpace/linux_a64/docs/javaserver/AppsMngtWebServicesSupport.jar:/3DS/R2020x/app/3DSpace/linux_a64/docs/javaserver/ENOXCommonServicesItfUtility.jar:/3DS/R2020x/app/3DSpace/linux_a64/docs/javaserver/PLMJActionModelerJPO.jar:/3DS/R2020x/app/3DSpace/linux_a64/docs/javaserver/NewContentWebServices.jar:/3DS/R2020x/app/3DSpace/linux_a64/docs/javaserver/CfgDictionaryMdlMigration.jar:/3DS/R2020x/app/3DSpace/linux_a64/docs/javaserver/CompassDomain.jar:/3DS/R2020x/app/3DSpace/linux_a64/docs/javaserver/VPLMJFctProcessAdvNavItf.jar:/3DS/R2020x/app/3DSpace/linux_a64/docs/javaserver/CATFstDescMigration.jar:/3DS/R2020x/app/3DSpace/linux_a64/docs/javaserver/ProductLineMdl.jar:/3DS/R2020x/app/3DSpace/linux_a64/docs/javaserver/m1jwspos.jar:/3DS/R2020x/app/3DSpace/linux_a64/docs/javaserver/VPLMJImplementLinkNav.jar:/3DS/R2020x/app/3DSpace/linux_a64/docs/javaserver/JKnowledgeDictionary.jar:/3DS/R2020x/app/3DSpace/linux_a64/docs/javaserver/xgInstallUtil.jar:/3DS/R2020x/app/3DSpace/linux_a64/docs/javaserver/aspose-diagram.jar:/3DS/R2020x/app/3DSpace/linux_a64/docs/javaserver/CATFstServerJPO.jar:/3DS/R2020x/app/3DSpace/linux_a64/docs/javaserver/PLMConfigFilterServices.jar:/3DS/R2020x/app/3DSpace/linux_a64/docs/javaserver/jena-shaded-guava-3.6.0.jar:/3DS/R2020x/app/3DSpace/linux_a64/docs/javaserver/VPLMJToolsServices.jar:/3DS/R2020x/app/3DSpace/linux_a64/docs/javaserver/VPLMJFctProcessAuthoring.jar:/3DS/R2020x/app/3DSpace/linux_a64/docs/javaserver/AbsOpenstackSDK.jar:/3DS/R2020x/app/3DSpace/linux_a64/docs/javaserver/ERConnectorUtil.jar:/3DS/R2020x/app/3DSpace/linux_a64/docs/javaserver/i3DXSupProbeItf.jar:/3DS/R2020x/app/3DSpace/linux_a64/docs/javaserver/CfgDictionaryMdlJPO.jar:/3DS/R2020x/app/3DSpace/linux_a64/docs/javaserver/CATSnapshotNav.jar:/3DS/R2020x/app/3DSpace/linux_a64/docs/javaserver/PLMJCoreModeler.jar:/3DS/R2020x/app/3DSpace/linux_a64/docs/javaserver/msfAdapter.jar:/3DS/R2020x/app/3DSpace/linux_a64/docs/javaserver/CATSmmCntrLinks.jar:/3DS/R2020x/app/3DSpace/linux_a64/docs/javaserver/CATRgnJImplementLinkConnector.jar:/3DS/R2020x/app/3DSpace/linux_a64/docs/javaserver/serializer-2.7.2.jar:/3DS/R2020x/app/3DSpace/linux_a64/docs/javaserver/AppsMngtSynchroWeb.jar:/3DS/R2020x/app/3DSpace/linux_a64/docs/javaserver/SearchNavigateAPI.jar:/3DS/R2020x/app/3DSpace/linux_a64/docs/javaserver/JRDFSHACLValidator.jar:/3DS/R2020x/app/3DSpace/linux_a64/docs/javaserver/ENOPDFRendering.jar:/3DS/R2020x/app/3DSpace/linux_a64/docs/javaserver/FLDataCleaningRules.jar:/3DS/R2020x/app/3DSpace/linux_a64/docs/javaserver/CATSpaceUsage.jar:/3DS/R2020x/app/3DSpace/linux_a64/docs/javaserver/CATFsxCoverage.jar:/3DS/R2020x/app/3DSpace/linux_a64/docs/javaserver/IPLMDictionaryAuthorItf.jar:/3DS/R2020x/app/3DSpace/linux_a64/docs/javaserver/SearchPreview.jar:/3DS/R2020x/app/3DSpace/linux_a64/docs/javaserver/i3DxMdMBOMMgtAuth.jar:/3DS/R2020x/app/3DSpace/linux_a64/docs/javaserver/i3DxMdNewAllocatedRsc.jar:/3DS/R2020x/app/3DSpace/linux_a64/docs/javaserver/ENOTicketMgmtBaseServices.jar:/3DS/R2020x/app/3DSpace/linux_a64/docs/javaserver/jena-fuseki-core-3.6.0.jar:/3DS/R2020x/app/3DSpace/linux_a64/docs/javaserver/BckServices.jar:/3DS/R2020x/app/3DSpace/linux_a64/docs/javaserver/PLMJChangeActionSummary.jar:/3DS/R2020x/app/3DSpace/linux_a64/docs/javaserver/ENOExchangeWebServicesAPI.jar:/3DS/R2020x/app/3DSpace/linux_a64/docs/javaserver/ENOICharacteristicMaster.jar:/3DS/R2020x/app/3DSpace/linux_a64/docs/javaserver/JS0WAJava.jar:/3DS/R2020x/app/3DSpace/linux_a64/docs/javaserver/VPLMJProcessNavUI.jar:/3DS/R2020x/app/3DSpace/linux_a64/docs/javaserver/SNResourceServices.jar:/3DS/R2020x/app/3DSpace/linux_a64/docs/javaserver/VPLMDataMigrationImplementations.jar:/3DS/R2020x/app/3DSpace/linux_a64/docs/javaserver/VIPER.jar:/3DS/R2020x/app/3DSpace/linux_a64/docs/javaserver/documentcontrol.jar:/3DS/R2020x/app/3DSpace/linux_a64/docs/javaserver/i3DxMdResourceMgtAuth.jar:/3DS/R2020x/app/3DSpace/linux_a64/docs/javaserver/ENOCriteria.jar:/3DS/R2020x/app/3DSpace/linux_a64/docs/javaserver/foldermanagement.jar:/3DS/R2020x/app/3DSpace/linux_a64/docs/javaserver/VPLMJPrdStatsJPO.jar:/3DS/R2020x/app/3DSpace/linux_a64/docs/javaserver/VPLMJFctProcessNav.jar:/3DS/R2020x/app/3DSpace/linux_a64/docs/javaserver/parameterwebservices.jar:/3DS/R2020x/app/3DSpace/linux_a64/docs/javaserver/i3DxMdProcessStreamAccess.jar:/3DS/R2020x/app/3DSpace/linux_a64/docs/javaserver/i3DxMdMappingIndexServices.jar:/3DS/R2020x/app/3DSpace/linux_a64/docs/javaserver/ENOCFFMIGJPO.jar:/3DS/R2020x/app/3DSpace/linux_a64/docs/javaserver/VPLMJCommonUIServices.jar:/3DS/R2020x/app/3DSpace/linux_a64/docs/javaserver/VPLMPosServicesJPO.jar:/3DS/R2020x/app/3DSpace/linux_a64/docs/javaserver/reqoslcservices.jar:/3DS/R2020x/app/3DSpace/linux_a64/docs/javaserver/IPLMDictionary.jar:/3DS/R2020x/app/3DSpace/linux_a64/docs/javaserver/PLMExchangeWebServerAPI.jar:/3DS/R2020x/app/3DSpace/linux_a64/docs/javaserver/PLMJConfigChecker.jar:/3DS/R2020x/app/3DSpace/linux_a64/docs/javaserver/PLMJChangeDependencies.jar:/3DS/R2020x/app/3DSpace/linux_a64/docs/javaserver/RuleSolverServices.jar:/3DS/R2020x/app/3DSpace/linux_a64/docs/javaserver/ENOPerformanceProbes.jar:/3DS/R2020x/app/3DSpace/linux_a64/docs/javaserver/PLMSessionServices.jar:/3DS/R2020x/app/3DSpace/linux_a64/docs/javaserver/JKweOnto.jar:/3DS/R2020x/app/3DSpace/linux_a64/docs/javaserver/LocalDeploymentChecker.jar:/3DS/R2020x/app/3DSpace/linux_a64/docs/javaserver/VPLMJCombinedSynchronizer.jar:/3DS/R2020x/app/3DSpace/linux_a64/docs/javaserver/IPLMDictionaryPackagesMngtUI.jar:/3DS/R2020x/app/3DSpace/linux_a64/docs/javaserver/jakarta.xml.bind-api.jar:/3DS/R2020x/app/3DSpace/linux_a64/docs/javaserver/ComputeInstancesCompiledForm_mxJPO.jar:/3DS/R2020x/app/3DSpace/linux_a64/docs/javaserver/AlternateSubstituteManagementWebServices.jar:/3DS/R2020x/app/3DSpace/linux_a64/docs/javaserver/commons-io-1.3.1.jar:/3DS/R2020x/app/3DSpace/linux_a64/docs/javaserver/IPLMDictionaryWebServices.jar:/3DS/R2020x/app/3DSpace/linux_a64/docs/javaserver/PIMwebModelModeler.jar:/3DS/R2020x/app/3DSpace/linux_a64/docs/javaserver/ENXSBComponents.jar:/3DS/R2020x/app/3DSpace/linux_a64/docs/javaserver/CATSFYSmmCntrFailureModesEffectsAnalysis.jar:/3DS/R2020x/app/3DSpace/linux_a64/docs/javaserver/DSLKeyGenerator.jar:/3DS/R2020x/app/3DSpace/linux_a64/docs/javaserver/VPLMSTBasis.jar:/3DS/R2020x/app/3DSpace/linux_a64/docs/javaserver/dspassport-cas-client-proxy-filter.jar:/3DS/R2020x/app/3DSpace/linux_a64/docs/javaserver/DataChecker.jar:/3DS/R2020x/app/3DSpace/linux_a64/docs/javaserver/ENOLifecycleWebServicesJPO.jar:/3DS/R2020x/app/3DSpace/linux_a64/docs/javaserver/ENODerivedFormatParam.jar:/3DS/R2020x/app/3DSpace/linux_a64/docs/javaserver/jaxb-core.jar:/3DS/R2020x/app/3DSpace/linux_a64/docs/javaserver/jdom.jar:/3DS/R2020x/app/3DSpace/linux_a64/docs/javaserver/CloudOAMetaFunctions.jar:/3DS/R2020x/app/3DSpace/linux_a64/docs/javaserver/ENOActionTasksServices.jar:/3DS/R2020x/app/3DSpace/linux_a64/docs/javaserver/VPLMPosModel.jar:/3DS/R2020x/app/3DSpace/linux_a64/docs/javaserver/X3DDriveModeler.jar:/3DS/R2020x/app/3DSpace/linux_a64/docs/javaserver/i3DXInstallInfraTools.jar:/3DS/R2020x/app/3DSpace/linux_a64/docs/javaserver/VPLMQLEngine.jar:/3DS/R2020x/app/3DSpace/linux_a64/docs/javaserver/ENOApaHttpClientWrapper.jar:/3DS/R2020x/app/3DSpace/linux_a64/docs/javaserver/X3DSpaceWebservices.jar:/3DS/R2020x/app/3DSpace/linux_a64/docs/javaserver/ENOGeographyConfiguration.jar:/3DS/R2020x/app/3DSpace/linux_a64/docs/javaserver/ENOOSLCProviderCM.jar:/3DS/R2020x/app/3DSpace/linux_a64/docs/javaserver/FcsServer.jar:/3DS/R2020x/app/3DSpace/linux_a64/docs/javaserver/CATSmmAccessEnovia.jar:/3DS/R2020x/app/3DSpace/linux_a64/docs/javaserver/CompassResource.jar:/3DS/R2020x/app/3DSpace/linux_a64/docs/javaserver/commons-io-1.3.2.jar:/3DS/R2020x/app/3DSpace/linux_a64/docs/javaserver/VPLMJXCADNav.jar:/3DS/R2020x/app/3DSpace/linux_a64/docs/javaserver/i3DXMQLServices.jar:/3DS/R2020x/app/3DSpace/linux_a64/docs/javaserver/AttributesWebServices.jar:/3DS/R2020x/app/3DSpace/linux_a64/docs/javaserver/ENOPropertiesWebItf.jar:/3DS/R2020x/app/3DSpace/linux_a64/docs/javaserver/i3DXMQLServlet.jar:/3DS/R2020x/app/3DSpace/linux_a64/docs/javaserver/i3DXCoreCommands.jar:/3DS/R2020x/app/3DSpace/linux_a64/docs/javaserver/VPLMJResourceAuthoring.jar:/3DS/R2020x/app/3DSpace/linux_a64/docs/javaserver/ENOFTRMIGJPO.jar:/3DS/R2020x/app/3DSpace/linux_a64/docs/javaserver/i3DxMdMaterialMgtItf.jar:/3DS/R2020x/app/3DSpace/linux_a64/docs/javaserver/i3DxMdFLogicalManagementItf.jar:/3DS/R2020x/app/3DSpace/linux_a64/docs/javaserver/ENODerivedOutputInfoService.jar:/3DS/R2020x/app/3DSpace/linux_a64/docs/javaserver/ENOPADWebAPI.jar:/3DS/R2020x/app/3DSpace/linux_a64/docs/javaserver/XENParam.jar:/3DS/R2020x/app/3DSpace/linux_a64/docs/javaserver/dssoftER.jar:/3DS/R2020x/app/3DSpace/linux_a64/docs/javaserver/i3DXRequester.jar:/3DS/R2020x/app/3DSpace/linux_a64/docs/javaserver/CATRgnJReportNavItf.jar:/3DS/R2020x/app/3DSpace/linux_a64/docs/javaserver/i3DxMdProductManagement.jar:/3DS/R2020x/app/3DSpace/linux_a64/docs/javaserver/VPLMJProductCleaningRules.jar:/3DS/R2020x/app/3DSpace/linux_a64/docs/javaserver/javaee-management-rt.jar:/3DS/R2020x/app/3DSpace/linux_a64/docs/javaserver/CATSmmCntrMagicDraw.jar:/3DS/R2020x/app/3DSpace/linux_a64/docs/javaserver/i3DxMdPPRBaseManagement.jar:/3DS/R2020x/app/3DSpace/linux_a64/docs/javaserver/AppsMngtServicesJPOs.jar:/3DS/R2020x/app/3DSpace/linux_a64/docs/javaserver/VPLMCoreCommands.jar:/3DS/R2020x/app/3DSpace/linux_a64/docs/javaserver/VPLMJSimulationNav.jar:/3DS/R2020x/app/3DSpace/linux_a64/docs/javaserver/ENOIPProtectionServices.jar:/3DS/R2020x/app/3DSpace/linux_a64/docs/javaserver/periodicreview.jar:/3DS/R2020x/app/3DSpace/linux_a64/docs/javaserver/CAT3DReviewV6Validation.jar:/3DS/R2020x/app/3DSpace/linux_a64/docs/javaserver/CVServletInterface.jar:/3DS/R2020x/app/3DSpace/linux_a64/docs/javaserver/CATSmmReviewModel.jar:/3DS/R2020x/app/3DSpace/linux_a64/docs/javaserver/JOWLInMemoryModel.jar:/3DS/R2020x/app/3DSpace/linux_a64/docs/javaserver/PLMPIMModelServerInterfaces.jar:/3DS/R2020x/app/3DSpace/linux_a64/docs/javaserver/VPLMJResourceNavUI.jar:/3DS/R2020x/app/3DSpace/linux_a64/docs/javaserver/VPLMPosBusinessServices.jar:/3DS/R2020x/app/3DSpace/linux_a64/docs/javaserver/protobuf-java.jar:/3DS/R2020x/app/3DSpace/linux_a64/docs/javaserver/CATRgnJReportDataModel.jar:/3DS/R2020x/app/3DSpace/linux_a64/docs/javaserver/CATSmmCntrURLSource.jar:/3DS/R2020x/app/3DSpace/linux_a64/docs/javaserver/jena-dboe-base-3.6.0.jar:/3DS/R2020x/app/3DSpace/linux_a64/docs/javaserver/VPLMJCoreDictionaryInterfaces.jar:/3DS/R2020x/app/3DSpace/linux_a64/docs/javaserver/i3DxMdResourceMgtNav.jar:/3DS/R2020x/app/3DSpace/linux_a64/docs/javaserver/CommandResendOctrees.jar:/3DS/R2020x/app/3DSpace/linux_a64/docs/javaserver/VPLMTEPromotionChecks.jar:/3DS/R2020x/app/3DSpace/linux_a64/docs/javaserver/CATRgnJSMMConnector.jar:/3DS/R2020x/app/3DSpace/linux_a64/docs/javaserver/VPLMPosImport.jar:/3DS/R2020x/app/3DSpace/linux_a64/docs/javaserver/ENOXNavigationServicesItfUtility.jar:/3DS/R2020x/app/3DSpace/linux_a64/docs/javaserver/CloudUtils.jar:/3DS/R2020x/app/3DSpace/linux_a64/docs/javaserver/VPLMJCollaborationModelerChecker.jar:/3DS/R2020x/app/3DSpace/linux_a64/docs/javaserver/configuration.jar:/3DS/R2020x/app/3DSpace/linux_a64/docs/javaserver/PLMSidlComServicesProcessor.jar:/3DS/R2020x/app/3DSpace/linux_a64/docs/javaserver/exportcontrol.jar:/3DS/R2020x/app/3DSpace/linux_a64/docs/javaserver/CATSFYSmmCntrCommon.jar:/3DS/R2020x/app/3DSpace/linux_a64/docs/javaserver/ContentWebServices.jar:/3DS/R2020x/app/3DSpace/linux_a64/docs/javaserver/CATJFLPreview.jar:/3DS/R2020x/app/3DSpace/linux_a64/docs/javaserver/commons-fileupload-1.2.2.jar:/3DS/R2020x/app/3DSpace/linux_a64/docs/javaserver/team.jar:/3DS/R2020x/app/3DSpace/linux_a64/docs/javaserver/i3DxMdMBOMSubstitutesLink.jar:/3DS/R2020x/app/3DSpace/linux_a64/docs/javaserver/ENOSysJavaStarter.jar:/3DS/R2020x/app/3DSpace/linux_a64/docs/javaserver/VPLMPosImpExp.jar:/3DS/R2020x/app/3DSpace/linux_a64/docs/javaserver/dslibER_V1.jar:/3DS/R2020x/app/3DSpace/linux_a64/docs/javaserver/VPLMJMatrixIntegrationJPO.jar:/3DS/R2020x/app/3DSpace/linux_a64/docs/javaserver/avalon-framework-impl-4.3.1.jar:/3DS/R2020x/app/3DSpace/linux_a64/docs/javaserver/VPLMPosMessageConsumer.jar:/3DS/R2020x/app/3DSpace/linux_a64/docs/javaserver/XPGAdaptorInfraJPO.jar:/3DS/R2020x/app/3DSpace/linux_a64/docs/javaserver/i3DXMonitorServer.jar:/3DS/R2020x/app/3DSpace/linux_a64/docs/javaserver/ENXSBToolbarServices.jar:/3DS/R2020x/app/3DSpace/linux_a64/docs/custom/CATRgnJReportUIModeller.jar:/3DS/R2020x/app/3DSpace/linux_a64/docs/custom/bcpkix-jdk15on-1.60.jar:/3DS/R2020x/app/3DSpace/linux_a64/docs/custom/CATRgnJConnectorItf.jar:/3DS/R2020x/app/3DSpace/linux_a64/docs/custom/aspose-slides-21.8-jdk16.jar:/3DS/R2020x/app/3DSpace/linux_a64/docs/custom/DELJPPRRestWebServicesIRPC.jar:/3DS/R2020x/app/3DSpace/linux_a64/docs/custom/CATRgnJReportGenerationEnovia.jar:/3DS/R2020x/app/3DSpace/linux_a64/docs/custom/i3dxMdMBOMMfgResponsibility.jar:/3DS/R2020x/app/3DSpace/linux_a64/docs/custom/stm_fcs.jar:/3DS/R2020x/app/3DSpace/linux_a64/docs/custom/CATRgnJCommon.jar:/3DS/R2020x/app/3DSpace/linux_a64/docs/custom/preflight-2.0.24.jar:/3DS/R2020x/app/3DSpace/linux_a64/docs/custom/fontbox-2.0.24.jar:/3DS/R2020x/app/3DSpace/linux_a64/docs/custom/CATRgnJGenerationToolkit.jar:/3DS/R2020x/app/3DSpace/linux_a64/docs/custom/stm.jar:/3DS/R2020x/app/3DSpace/linux_a64/docs/custom/bcprov-jdk15on-1.60.jar:/3DS/R2020x/app/3DSpace/linux_a64/docs/custom/i3dxMdProcessMfgResponsibility.jar:/3DS/R2020x/app/3DSpace/linux_a64/docs/custom/aspose.pdf-21.8.jar:/3DS/R2020x/app/3DSpace/linux_a64/docs/custom/CATRgnJServices.jar:/3DS/R2020x/app/3DSpace/linux_a64/docs/custom/FcsBackEnd.jar:/3DS/R2020x/app/3DSpace/linux_a64/docs/custom/i3DxMdMBOMMgtItf.jar:/3DS/R2020x/app/3DSpace/linux_a64/docs/custom/CATRgnJPLMConnector.jar:/3DS/R2020x/app/3DSpace/linux_a64/docs/custom/i3DxMdCommonServices.jar:/3DS/R2020x/app/3DSpace/linux_a64/docs/custom/aspose-words-21.9.0-jdk17.jar:/3DS/R2020x/app/3DSpace/linux_a64/docs/custom/ConfigGovBrowseServices.jar:/3DS/R2020x/app/3DSpace/linux_a64/docs/custom/program.jar:/3DS/R2020x/app/3DSpace/linux_a64/docs/custom/i3dxMdMfgResponsibility.jar:/3DS/R2020x/app/3DSpace/linux_a64/docs/custom/ENOVersionningCore.jar:/3DS/R2020x/app/3DSpace/linux_a64/docs/custom/xmpbox-2.0.24.jar:/3DS/R2020x/app/3DSpace/linux_a64/docs/custom/classification.jar:/3DS/R2020x/app/3DSpace/linux_a64/docs/custom/CATRgnJReportNavJPO.jar:/3DS/R2020x/app/3DSpace/linux_a64/docs/custom/commons-csv-1.7.jar:/3DS/R2020x/app/3DSpace/linux_a64/docs/custom/ENOVersionningWebServices.jar:/3DS/R2020x/app/3DSpace/linux_a64/docs/custom/ENOVersioningItf.jar:/3DS/R2020x/app/3DSpace/linux_a64/docs/custom/aspose-cells-21.9.jar:/3DS/R2020x/app/3DSpace/linux_a64/docs/custom/i3DxMdProcessManagementItf.jar:/3DS/R2020x/app/3DSpace/linux_a64/docs/custom/pdfbox-2.0.24.jar:/3DS/R2020x/app/3DSpace/linux_a64/docs/custom/ENO6WFoundation.jar:/3DS/R2020x/app/3DSpace/linux_a64/docs/custom/DELJPPRRestWebServicesCommon.jar:/3DS/R2020x/app/3DSpace/linux_a64/docs/custom/VPLMJFctProcessAuthoring.jar:/3DS/R2020x/app/3DSpace/linux_a64/docs/custom/FcsServer.jar:/3DS/R2020x/app/3DSpace/STAGING/ematrix/WEB-INF/classes/com.dassault_systemes.system_cockpit.publish.mdzipx.zip:/3DS/R2020x/app/3DSpace/STAGING/ematrix/WEB-INF/classes/CATTraPatternTemplates.zip
  -Xss1024k
  -Xms2048m
  -Xmx2048m
  -DENOVIA_APP=mql
Program 'SpinnerReadExtractSchema' successfully executed.  Return code 0
Starting Schema Extraction for below Schema Type.......
[program]


Extracting program data...

**** Program extraction time 0 minute 1 seconds ****
Program 'emxExtractSchema.tcl' successfully executed.  Return code 0
MQL<5>tcl;
% cd {/3DS/tmp/Ravi_Patel/Spinner_agent}
% pwd
/3DS/tmp/Ravi_Patel/Spinner_agent
% exit
MQL<6>exec prog emxSpinnerAgent.tcl;
Program 'emxReadSpinnerAgent' successfully executed.  Return code 0
** Overlay mode activated **


Processing 1 spinnerprogramdata rows...
Inserted STMDataLoadingIP
1 adds, 0 mods, 0 dels, 0 skips, 0  regs


**** Total time for Execution  0 minute 1 seconds****

java.io.FileNotFoundException: /3DS/tmp/Ravi_Patel/Spinner_agent/logs/SpinnerError.log (No such file or directory)
        at java.base/java.io.FileOutputStream.open(FileOutputStream.java:298)
        at java.base/java.io.FileOutputStream.<init>(FileOutputStream.java:237)
        at com.ds.dso.importspinner.emxImportSchema.writeSpinnerErrorFilePath(emxImportSchema.java:1075)
        at com.ds.dso.importspinner.emxImportSchema.importFiles(emxImportSchema.java:560)
        at com.ds.dso.importspinner.emxImportSchema.importSchemaFiles(emxImportSchema.java:274)
        at emxSpinnerImport_mxJPO44f860680100000003.mxMain(emxSpinnerImport_mxJPO44f860680100000003.java:33)
        at java.base/jdk.internal.reflect.NativeMethodAccessorImpl.invoke0(Native Method)
        at java.base/jdk.internal.reflect.NativeMethodAccessorImpl.invoke(NativeMethodAccessorImpl.java:62)
        at java.base/jdk.internal.reflect.DelegatingMethodAccessorImpl.invoke(DelegatingMethodAccessorImpl.java:43)
        at java.base/java.lang.reflect.Method.invoke(Method.java:566)
        at matrix.db.JPOSupport.invokeObject(JPOSupport.java:480)
        at java.base/jdk.internal.reflect.NativeMethodAccessorImpl.invoke0(Native Method)
        at java.base/jdk.internal.reflect.NativeMethodAccessorImpl.invoke(NativeMethodAccessorImpl.java:62)
        at java.base/jdk.internal.reflect.DelegatingMethodAccessorImpl.invoke(DelegatingMethodAccessorImpl.java:43)
        at java.base/java.lang.reflect.Method.invoke(Method.java:566)
        at com.dassault_systemes.platform.ipmodeling.jni.EnoviaKernelUtils._invoke(EnoviaKernelUtils.java:71)
        at com.dassault_systemes.platform.ipmodeling.jni.EnoviaKernelUtils.invoke(EnoviaKernelUtils.java:51)
        at com.dassault_systemes.platform.ipmodeling.jni.EnoviaKernelUtils.invokeObject(EnoviaKernelUtils.java:148)
Program 'emxSpinnerAgent.tcl' successfully executed.  Return code 0
MQL<7>list program STMDataLoading*
;
STMDataLoadingIP
MQL<8>compile program STMDataLaodingIP force update;
Error: #1900068: compile program failed
System Error: #1500178: program 'STMDataLaodingIP' does not exist
MQL<9>compile program STMDataLaodingIP_mxJPO force update;
Error: #1900068: compile program failed
System Error: #1500178: program 'STMDataLaodingIP_mxJPO' does not exist
MQL<10>list prog STMData*;
STMDataLoadingIP
MQL<11>compile prog STMDataLoadingIP force update;
MQL<12>compile program STMDataLaodingIP force update;
Error: #1900068: compile program failed
System Error: #1500178: program 'STMDataLaodingIP' does not exist
MQL<13>compile prog STMDataLoadingIP force update;
MQL<14>execute prog emxExtractSchema.tcl program STM*;
Program 'SpinnerReadExtractSchema' successfully executed.  Return code 0
Starting Schema Extraction for below Schema Type.......
[program]


Extracting program data...

**** Program extraction time 0 minute 2 seconds ****
Program 'emxExtractSchema.tcl' successfully executed.  Return code 0
